Eva2_10_inner join 
MySQL Shell 8.0.41

Copyright (c) 2016, 2025, Oracle and/or its affiliates.
Oracle is a registered trademark of Oracle Corporation and/or its affiliates.
Other names may be trademarks of their respective owners.

Type '\help' or '\?' for help; '\quit' to exit.
 MySQL  JS > \sql
Switching to SQL mode... Commands end with ;
 MySQL  SQL > \connect mc-- root@localhost
Creating a session to 'root@localhost'
Fetching global names for auto-completion... Press ^C to stop.
Your MySQL connection id is 8 (X protocol)
Server version: 8.0.41 MySQL Community Server - GPL
No default schema selected; type \use <schema> to set one.
 MySQL  localhost:33060+ ssl  SQL > use sakila;
Default schema set to `sakila`.
Fetching global names, object names from `sakila` for auto-completion... Press ^C to stop.
 MySQL  localhost:33060+ ssl  sakila  SQL > show tables;
+----------------------------+
| Tables_in_sakila           |
+----------------------------+
| actor                      |
| actor_info                 |
| address                    |
| category                   |
| city                       |
| country                    |
| customer                   |
| customer_list              |
| film                       |
| film_actor                 |
| film_category              |
| film_list                  |
| film_text                  |
| inventory                  |
| language                   |
| nicer_but_slower_film_list |
| payment                    |
| rental                     |
| sales_by_film_category     |
| sales_by_store             |
| staff                      |
| staff_list                 |
| store                      |
+----------------------------+
23 rows in set (0.0027 sec)
 MySQL  localhost:33060+ ssl  sakila  SQL > desc customer;
+-------------+-------------------+------+-----+-------------------+-----------------------------------------------+
| Field       | Type              | Null | Key | Default           | Extra                                         |
+-------------+-------------------+------+-----+-------------------+-----------------------------------------------+
| customer_id | smallint unsigned | NO   | PRI | NULL              | auto_increment                                |
| store_id    | tinyint unsigned  | NO   | MUL | NULL              |                                               |
| first_name  | varchar(45)       | NO   |     | NULL              |                                               |
| last_name   | varchar(45)       | NO   | MUL | NULL              |                                               |
| email       | varchar(50)       | YES  |     | NULL              |                                               |
| address_id  | smallint unsigned | NO   | MUL | NULL              |                                               |
| active      | tinyint(1)        | NO   |     | 1                 |                                               |
| create_date | datetime          | NO   |     | NULL              |                                               |
| last_update | timestamp         | YES  |     | CURRENT_TIMESTAMP | DEFAULT_GENERATED on update CURRENT_TIMESTAMP |
+-------------+-------------------+------+-----+-------------------+-----------------------------------------------+
9 rows in set (0.0041 sec)
 MySQL  localhost:33060+ ssl  sakila  SQL > des payments;
ERROR: 1064: You have an error in your SQL syntax; check the manual that corresponds to your MySQL server version for the right syntax to use near 'des payments' at line 1
 MySQL  localhost:33060+ ssl  sakila  SQL > desc payments;
ERROR: 1146: Table 'sakila.payments' doesn't exist
 MySQL  localhost:33060+ ssl  sakila  SQL > desc payment;
+--------------+-------------------+------+-----+-------------------+-----------------------------------------------+
| Field        | Type              | Null | Key | Default           | Extra                                         |
+--------------+-------------------+------+-----+-------------------+-----------------------------------------------+
| payment_id   | smallint unsigned | NO   | PRI | NULL              | auto_increment                                |
| customer_id  | smallint unsigned | NO   | MUL | NULL              |                                               |
| staff_id     | tinyint unsigned  | NO   | MUL | NULL              |                                               |
| rental_id    | int               | YES  | MUL | NULL              |                                               |
| amount       | decimal(5,2)      | NO   |     | NULL              |                                               |
| payment_date | datetime          | NO   |     | NULL              |                                               |
| last_update  | timestamp         | YES  |     | CURRENT_TIMESTAMP | DEFAULT_GENERATED on update CURRENT_TIMESTAMP |
+--------------+-------------------+------+-----+-------------------+-----------------------------------------------+
7 rows in set (0.0037 sec)
 MySQL  localhost:33060+ ssl  sakila  SQL > select b.last_name, b.first_name, a.amount from payment a inner join customer b on a.cutomer_id = b.customer_id order by b.last_name, b.first_name limit 200
                                         -> ;
ERROR: 1054: Unknown column 'a.cutomer_id' in 'on clause'
 MySQL  localhost:33060+ ssl  sakila  SQL > select b.last_name, b.first_name, a.amount from payment a inner join customer b on a.customer_id = b.customer_id order by b.last_name, b.first_name limit 200 ;
+-----------+------------+--------+
| last_name | first_name | amount |
+-----------+------------+--------+
| ABNEY     | RAFAEL     |   2.99 |
| ABNEY     | RAFAEL     |   2.99 |
| ABNEY     | RAFAEL     |   5.99 |
| ABNEY     | RAFAEL     |   4.99 |
| ABNEY     | RAFAEL     |   7.99 |
| ABNEY     | RAFAEL     |   5.99 |
| ABNEY     | RAFAEL     |   5.99 |
| ABNEY     | RAFAEL     |   6.99 |
| ABNEY     | RAFAEL     |   9.99 |
| ABNEY     | RAFAEL     |   4.99 |
| ABNEY     | RAFAEL     |   0.99 |
| ABNEY     | RAFAEL     |   4.99 |
| ABNEY     | RAFAEL     |   5.99 |
| ABNEY     | RAFAEL     |   2.99 |
| ABNEY     | RAFAEL     |   0.99 |
| ABNEY     | RAFAEL     |   2.99 |
| ABNEY     | RAFAEL     |   3.99 |
| ABNEY     | RAFAEL     |   2.99 |
| ABNEY     | RAFAEL     |   2.99 |
| ABNEY     | RAFAEL     |   4.99 |
| ABNEY     | RAFAEL     |   4.99 |
| ADAM      | NATHANIEL  |   5.99 |
| ADAM      | NATHANIEL  |   4.99 |
| ADAM      | NATHANIEL  |   4.99 |
| ADAM      | NATHANIEL  |   1.99 |
| ADAM      | NATHANIEL  |   6.99 |
| ADAM      | NATHANIEL  |   9.99 |
| ADAM      | NATHANIEL  |   6.99 |
| ADAM      | NATHANIEL  |   5.99 |
| ADAM      | NATHANIEL  |   0.99 |
| ADAM      | NATHANIEL  |   6.99 |
| ADAM      | NATHANIEL  |   3.99 |
| ADAM      | NATHANIEL  |   2.99 |
| ADAM      | NATHANIEL  |   2.99 |
| ADAM      | NATHANIEL  |   1.99 |
| ADAM      | NATHANIEL  |   4.99 |
| ADAM      | NATHANIEL  |   9.99 |
| ADAM      | NATHANIEL  |   0.99 |
| ADAM      | NATHANIEL  |   3.99 |
| ADAM      | NATHANIEL  |   2.99 |
| ADAM      | NATHANIEL  |   1.99 |
| ADAM      | NATHANIEL  |   2.99 |
| ADAM      | NATHANIEL  |   2.99 |
| ADAM      | NATHANIEL  |   2.99 |
| ADAM      | NATHANIEL  |   5.99 |
| ADAM      | NATHANIEL  |   4.99 |
| ADAM      | NATHANIEL  |   6.99 |
| ADAM      | NATHANIEL  |   8.99 |
| ADAM      | NATHANIEL  |   4.99 |
| ADAMS     | KATHLEEN   |   0.99 |
| ADAMS     | KATHLEEN   |   0.99 |
| ADAMS     | KATHLEEN   |   0.99 |
| ADAMS     | KATHLEEN   |   0.99 |
| ADAMS     | KATHLEEN   |   4.99 |
| ADAMS     | KATHLEEN   |   4.99 |
| ADAMS     | KATHLEEN   |   0.99 |
| ADAMS     | KATHLEEN   |   0.99 |
| ADAMS     | KATHLEEN   |   6.99 |
| ADAMS     | KATHLEEN   |   0.99 |
| ADAMS     | KATHLEEN   |   6.99 |
| ADAMS     | KATHLEEN   |   0.99 |
| ADAMS     | KATHLEEN   |   2.99 |
| ADAMS     | KATHLEEN   |   4.99 |
| ADAMS     | KATHLEEN   |   2.99 |
| ADAMS     | KATHLEEN   |   0.99 |
| ADAMS     | KATHLEEN   |   2.99 |
| ADAMS     | KATHLEEN   |   2.99 |
| ADAMS     | KATHLEEN   |   0.99 |
| ADAMS     | KATHLEEN   |   6.99 |
| ADAMS     | KATHLEEN   |   4.99 |
| ADAMS     | KATHLEEN   |   4.99 |
| ADAMS     | KATHLEEN   |   2.99 |
| ADAMS     | KATHLEEN   |   1.99 |
| ADAMS     | KATHLEEN   |   4.99 |
| ADAMS     | KATHLEEN   |   9.99 |
| ADAMS     | KATHLEEN   |   4.99 |
| ALEXANDER | DIANA      |   3.99 |
| ALEXANDER | DIANA      |   7.99 |
| ALEXANDER | DIANA      |   0.99 |
| ALEXANDER | DIANA      |   0.99 |
| ALEXANDER | DIANA      |   5.99 |
| ALEXANDER | DIANA      |   0.99 |
| ALEXANDER | DIANA      |   0.99 |
| ALEXANDER | DIANA      |   2.99 |
| ALEXANDER | DIANA      |   2.99 |
| ALEXANDER | DIANA      |   4.99 |
| ALEXANDER | DIANA      |   0.99 |
| ALEXANDER | DIANA      |   4.99 |
| ALEXANDER | DIANA      |   2.99 |
| ALEXANDER | DIANA      |   4.99 |
| ALEXANDER | DIANA      |   6.99 |
| ALEXANDER | DIANA      |   3.99 |
| ALEXANDER | DIANA      |   4.99 |
| ALEXANDER | DIANA      |   3.99 |
| ALEXANDER | DIANA      |   4.99 |
| ALEXANDER | DIANA      |   4.99 |
| ALEXANDER | DIANA      |   3.99 |
| ALEXANDER | DIANA      |   4.99 |
| ALEXANDER | DIANA      |   4.99 |
| ALEXANDER | DIANA      |   0.99 |
| ALEXANDER | DIANA      |   4.99 |
| ALEXANDER | DIANA      |   3.99 |
| ALEXANDER | DIANA      |   4.99 |
| ALLARD    | GORDON     |   2.99 |
| ALLARD    | GORDON     |   0.99 |
| ALLARD    | GORDON     |   0.99 |
| ALLARD    | GORDON     |   7.99 |
| ALLARD    | GORDON     |   5.99 |
| ALLARD    | GORDON     |   4.99 |
| ALLARD    | GORDON     |   4.99 |
| ALLARD    | GORDON     |   4.99 |
| ALLARD    | GORDON     |   6.99 |
| ALLARD    | GORDON     |   4.99 |
| ALLARD    | GORDON     |   3.99 |
| ALLARD    | GORDON     |   2.99 |
| ALLARD    | GORDON     |   4.99 |
| ALLARD    | GORDON     |  10.99 |
| ALLARD    | GORDON     |   5.99 |
| ALLARD    | GORDON     |   4.99 |
| ALLARD    | GORDON     |   8.99 |
| ALLARD    | GORDON     |   6.99 |
| ALLARD    | GORDON     |   5.99 |
| ALLARD    | GORDON     |   2.99 |
| ALLARD    | GORDON     |   4.99 |
| ALLARD    | GORDON     |   0.99 |
| ALLARD    | GORDON     |   4.99 |
| ALLARD    | GORDON     |   1.99 |
| ALLARD    | GORDON     |   2.99 |
| ALLARD    | GORDON     |   0.99 |
| ALLARD    | GORDON     |   3.99 |
| ALLARD    | GORDON     |   8.99 |
| ALLARD    | GORDON     |  10.99 |
| ALLARD    | GORDON     |   4.99 |
| ALLARD    | GORDON     |   4.99 |
| ALLARD    | GORDON     |   4.99 |
| ALLEN     | SHIRLEY    |   2.99 |
| ALLEN     | SHIRLEY    |   4.99 |
| ALLEN     | SHIRLEY    |   4.99 |
| ALLEN     | SHIRLEY    |   2.99 |
| ALLEN     | SHIRLEY    |   3.99 |
| ALLEN     | SHIRLEY    |   2.99 |
| ALLEN     | SHIRLEY    |   4.99 |
| ALLEN     | SHIRLEY    |   1.99 |
| ALLEN     | SHIRLEY    |   3.99 |
| ALLEN     | SHIRLEY    |   0.99 |
| ALLEN     | SHIRLEY    |   5.99 |
| ALLEN     | SHIRLEY    |   0.99 |
| ALLEN     | SHIRLEY    |   4.99 |
| ALLEN     | SHIRLEY    |   0.99 |
| ALLEN     | SHIRLEY    |   5.99 |
| ALLEN     | SHIRLEY    |   4.99 |
| ALLEN     | SHIRLEY    |   1.99 |
| ALLEN     | SHIRLEY    |   0.99 |
| ALLEN     | SHIRLEY    |   5.99 |
| ALLEN     | SHIRLEY    |   7.99 |
| ALLEN     | SHIRLEY    |   4.99 |
| ALLEN     | SHIRLEY    |   7.99 |
| ALLEN     | SHIRLEY    |   4.99 |
| ALLEN     | SHIRLEY    |   0.99 |
| ALLEN     | SHIRLEY    |   8.99 |
| ALLEN     | SHIRLEY    |   6.99 |
| ALLEN     | SHIRLEY    |   5.99 |
| ALLEN     | SHIRLEY    |   0.99 |
| ALLEN     | SHIRLEY    |   2.99 |
| ALLEN     | SHIRLEY    |   4.99 |
| ALLEN     | SHIRLEY    |   0.99 |
| ALVAREZ   | CHARLENE   |   0.99 |
| ALVAREZ   | CHARLENE   |   3.99 |
| ALVAREZ   | CHARLENE   |   0.99 |
| ALVAREZ   | CHARLENE   |   2.99 |
| ALVAREZ   | CHARLENE   |   2.99 |
| ALVAREZ   | CHARLENE   |   2.99 |
| ALVAREZ   | CHARLENE   |   0.99 |
| ALVAREZ   | CHARLENE   |   0.99 |
| ALVAREZ   | CHARLENE   |   8.99 |
| ALVAREZ   | CHARLENE   |   9.99 |
| ALVAREZ   | CHARLENE   |   2.99 |
| ALVAREZ   | CHARLENE   |   4.99 |
| ALVAREZ   | CHARLENE   |   7.99 |
| ALVAREZ   | CHARLENE   |  10.99 |
| ALVAREZ   | CHARLENE   |   2.99 |
| ALVAREZ   | CHARLENE   |   4.99 |
| ALVAREZ   | CHARLENE   |   4.99 |
| ALVAREZ   | CHARLENE   |   0.99 |
| ALVAREZ   | CHARLENE   |   3.99 |
| ALVAREZ   | CHARLENE   |   4.99 |
| ALVAREZ   | CHARLENE   |   2.99 |
| ALVAREZ   | CHARLENE   |   4.99 |
| ALVAREZ   | CHARLENE   |   4.99 |
| ALVAREZ   | CHARLENE   |   2.99 |
| ALVAREZ   | CHARLENE   |   2.99 |
| ALVAREZ   | CHARLENE   |   4.99 |
| ALVAREZ   | CHARLENE   |   4.99 |
| ANDERSON  | LISA       |   6.99 |
| ANDERSON  | LISA       |   6.99 |
| ANDERSON  | LISA       |   7.99 |
| ANDERSON  | LISA       |   0.99 |
| ANDERSON  | LISA       |   2.99 |
| ANDERSON  | LISA       |   4.99 |
| ANDERSON  | LISA       |   5.99 |
+-----------+------------+--------+
200 rows in set (0.0579 sec)
 MySQL  localhost:33060+ ssl  sakila  SQL > select a.store_id, b.address, b.address2, b.postal_code, b.phone from store a inner join address b on a.addrees_id = b.address_id limit 50;
ERROR: 1054: Unknown column 'a.addrees_id' in 'on clause'
 MySQL  localhost:33060+ ssl  sakila  SQL > select a.store_id, b.address, b.address2, b.postal_code, b.phone from store a inner join address b on a.address_id = b.address_id limit 50;
+----------+--------------------+----------+-------------+-------+
| store_id | address            | address2 | postal_code | phone |
+----------+--------------------+----------+-------------+-------+
|        1 | 47 MySakila Drive  | NULL     |             |       |
|        2 | 28 MySQL Boulevard | NULL     |             |       |
+----------+--------------------+----------+-------------+-------+
2 rows in set (0.0406 sec)
 MySQL  localhost:33060+ ssl  sakila  SQL > select a.customer, b.address from customer a inner join address b on a.address = b.address_id;
ERROR: 1054: Unknown column 'a.customer' in 'field list'
 MySQL  localhost:33060+ ssl  sakila  SQL > select a.first_name,a.last_name, b.address from customer a inner join address b on a.address = b.address_id;
ERROR: 1054: Unknown column 'a.address' in 'on clause'
 MySQL  localhost:33060+ ssl  sakila  SQL > select a.first_name,a.last_name, b.address from customer a inner join address b on a.customer = b.address_id;
ERROR: 1054: Unknown column 'a.customer' in 'on clause'
 MySQL  localhost:33060+ ssl  sakila  SQL > select a.first_name,a.last_name, b.address from customer a inner join address b on a.customer = b.customer_id;
ERROR: 1054: Unknown column 'a.customer' in 'on clause'
 MySQL  localhost:33060+ ssl  sakila  SQL > select a.customer_id, a.first_name,a.last_name, b.address from customer a inner join address b on a.customer = b.address_id;
ERROR: 1054: Unknown column 'a.customer' in 'on clause'
 MySQL  localhost:33060+ ssl  sakila  SQL > select a.customer_id, a.first_name,a.last_name, b.address from customer a inner join address b on a.address_id = b.address_id;
+-------------+-------------+--------------+----------------------------------------+
| customer_id | first_name  | last_name    | address                                |
+-------------+-------------+--------------+----------------------------------------+
|           1 | MARY        | SMITH        | 1913 Hanoi Way                         |
|           2 | PATRICIA    | JOHNSON      | 1121 Loja Avenue                       |
|           3 | LINDA       | WILLIAMS     | 692 Joliet Street                      |
|           4 | BARBARA     | JONES        | 1566 Inegl Manor                       |
|           5 | ELIZABETH   | BROWN        | 53 Idfu Parkway                        |
|           6 | JENNIFER    | DAVIS        | 1795 Santiago de Compostela Way        |
|           7 | MARIA       | MILLER       | 900 Santiago de Compostela Parkway     |
|           8 | SUSAN       | WILSON       | 478 Joliet Way                         |
|           9 | MARGARET    | MOORE        | 613 Korolev Drive                      |
|          10 | DOROTHY     | TAYLOR       | 1531 Sal Drive                         |
|          11 | LISA        | ANDERSON     | 1542 Tarlac Parkway                    |
|          12 | NANCY       | THOMAS       | 808 Bhopal Manor                       |
|          13 | KAREN       | JACKSON      | 270 Amroha Parkway                     |
|          14 | BETTY       | WHITE        | 770 Bydgoszcz Avenue                   |
|          15 | HELEN       | HARRIS       | 419 Iligan Lane                        |
|          16 | SANDRA      | MARTIN       | 360 Toulouse Parkway                   |
|          17 | DONNA       | THOMPSON     | 270 Toulon Boulevard                   |
|          18 | CAROL       | GARCIA       | 320 Brest Avenue                       |
|          19 | RUTH        | MARTINEZ     | 1417 Lancaster Avenue                  |
|          20 | SHARON      | ROBINSON     | 1688 Okara Way                         |
|          21 | MICHELLE    | CLARK        | 262 A Corua (La Corua) Parkway         |
|          22 | LAURA       | RODRIGUEZ    | 28 Charlotte Amalie Street             |
|          23 | SARAH       | LEWIS        | 1780 Hino Boulevard                    |
|          24 | KIMBERLY    | LEE          | 96 Tafuna Way                          |
|          25 | DEBORAH     | WALKER       | 934 San Felipe de Puerto Plata Street  |
|          26 | JESSICA     | HALL         | 18 Duisburg Boulevard                  |
|          27 | SHIRLEY     | ALLEN        | 217 Botshabelo Place                   |
|          28 | CYNTHIA     | YOUNG        | 1425 Shikarpur Manor                   |
|          29 | ANGELA      | HERNANDEZ    | 786 Aurora Avenue                      |
|          30 | MELISSA     | KING         | 1668 Anpolis Street                    |
|          31 | BRENDA      | WRIGHT       | 33 Gorontalo Way                       |
|          32 | AMY         | LOPEZ        | 176 Mandaluyong Place                  |
|          33 | ANNA        | HILL         | 127 Purnea (Purnia) Manor              |
|          34 | REBECCA     | SCOTT        | 61 Tama Street                         |
|          35 | VIRGINIA    | GREEN        | 391 Callao Drive                       |
|          36 | KATHLEEN    | ADAMS        | 334 Munger (Monghyr) Lane              |
|          37 | PAMELA      | BAKER        | 1440 Fukuyama Loop                     |
|          38 | MARTHA      | GONZALEZ     | 269 Cam Ranh Parkway                   |
|          39 | DEBRA       | NELSON       | 306 Antofagasta Place                  |
|          40 | AMANDA      | CARTER       | 671 Graz Street                        |
|          41 | STEPHANIE   | MITCHELL     | 42 Brindisi Place                      |
|          42 | CAROLYN     | PEREZ        | 1632 Bislig Avenue                     |
|          43 | CHRISTINE   | ROBERTS      | 1447 Imus Way                          |
|          44 | MARIE       | TURNER       | 1998 Halifax Drive                     |
|          45 | JANET       | PHILLIPS     | 1718 Valencia Street                   |
|          46 | CATHERINE   | CAMPBELL     | 46 Pjatigorsk Lane                     |
|          47 | FRANCES     | PARKER       | 686 Garland Manor                      |
|          48 | ANN         | EVANS        | 909 Garland Manor                      |
|          49 | JOYCE       | EDWARDS      | 725 Isesaki Place                      |
|          50 | DIANE       | COLLINS      | 115 Hidalgo Parkway                    |
|          51 | ALICE       | STEWART      | 1135 Izumisano Parkway                 |
|          52 | JULIE       | SANCHEZ      | 939 Probolinggo Loop                   |
|          53 | HEATHER     | MORRIS       | 17 Kabul Boulevard                     |
|          54 | TERESA      | ROGERS       | 1964 Allappuzha (Alleppey) Street      |
|          55 | DORIS       | REED         | 1697 Kowloon and New Kowloon Loop      |
|          56 | GLORIA      | COOK         | 1668 Saint Louis Place                 |
|          57 | EVELYN      | MORGAN       | 943 Tokat Street                       |
|          58 | JEAN        | BELL         | 1114 Liepaja Street                    |
|          59 | CHERYL      | MURPHY       | 1213 Ranchi Parkway                    |
|          60 | MILDRED     | BAILEY       | 81 Hodeida Way                         |
|          61 | KATHERINE   | RIVERA       | 915 Ponce Place                        |
|          62 | JOAN        | COOPER       | 1717 Guadalajara Lane                  |
|          63 | ASHLEY      | RICHARDSON   | 1214 Hanoi Way                         |
|          64 | JUDITH      | COX          | 1966 Amroha Avenue                     |
|          65 | ROSE        | HOWARD       | 698 Otsu Street                        |
|          66 | JANICE      | WARD         | 1150 Kimchon Manor                     |
|          67 | KELLY       | TORRES       | 1586 Guaruj Place                      |
|          68 | NICOLE      | PETERSON     | 57 Arlington Manor                     |
|          69 | JUDY        | GRAY         | 1031 Daugavpils Parkway                |
|          70 | CHRISTINA   | RAMIREZ      | 1124 Buenaventura Drive                |
|          71 | KATHY       | JAMES        | 492 Cam Ranh Street                    |
|          72 | THERESA     | WATSON       | 89 Allappuzha (Alleppey) Manor         |
|          73 | BEVERLY     | BROOKS       | 1947 Poos de Caldas Boulevard          |
|          74 | DENISE      | KELLY        | 1206 Dos Quebradas Place               |
|          75 | TAMMY       | SANDERS      | 1551 Rampur Lane                       |
|          76 | IRENE       | PRICE        | 602 Paarl Street                       |
|          77 | JANE        | BENNETT      | 1692 Ede Loop                          |
|          78 | LORI        | WOOD         | 936 Salzburg Lane                      |
|          79 | RACHEL      | BARNES       | 586 Tete Way                           |
|          80 | MARILYN     | ROSS         | 1888 Kabul Drive                       |
|          81 | ANDREA      | HENDERSON    | 320 Baiyin Parkway                     |
|          82 | KATHRYN     | COLEMAN      | 927 Baha Blanca Parkway                |
|          83 | LOUISE      | JENKINS      | 929 Tallahassee Loop                   |
|          84 | SARA        | PERRY        | 125 Citt del Vaticano Boulevard        |
|          85 | ANNE        | POWELL       | 1557 Ktahya Boulevard                  |
|          86 | JACQUELINE  | LONG         | 870 Ashqelon Loop                      |
|          87 | WANDA       | PATTERSON    | 1740 Portoviejo Avenue                 |
|          88 | BONNIE      | HUGHES       | 1942 Ciparay Parkway                   |
|          89 | JULIA       | FLORES       | 1926 El Alto Avenue                    |
|          90 | RUBY        | WASHINGTON   | 1952 Chatsworth Drive                  |
|          91 | LOIS        | BUTLER       | 1370 Le Mans Avenue                    |
|          92 | TINA        | SIMMONS      | 984 Effon-Alaiye Avenue                |
|          93 | PHYLLIS     | FOSTER       | 832 Nakhon Sawan Manor                 |
|          94 | NORMA       | GONZALES     | 152 Kitwe Parkway                      |
|          95 | PAULA       | BRYANT       | 1697 Tanauan Lane                      |
|          96 | DIANA       | ALEXANDER    | 1308 Arecibo Way                       |
|          97 | ANNIE       | RUSSELL      | 1599 Plock Drive                       |
|          98 | LILLIAN     | GRIFFIN      | 669 Firozabad Loop                     |
|          99 | EMILY       | DIAZ         | 588 Vila Velha Manor                   |
|         100 | ROBIN       | HAYES        | 1913 Kamakura Place                    |
|         101 | PEGGY       | MYERS        | 733 Mandaluyong Place                  |
|         102 | CRYSTAL     | FORD         | 659 Vaduz Drive                        |
|         103 | GLADYS      | HAMILTON     | 1177 Jelets Way                        |
|         104 | RITA        | GRAHAM       | 1386 Yangor Avenue                     |
|         105 | DAWN        | SULLIVAN     | 454 Nakhon Sawan Boulevard             |
|         106 | CONNIE      | WALLACE      | 1867 San Juan Bautista Tuxtepec Avenue |
|         107 | FLORENCE    | WOODS        | 1532 Dzerzinsk Way                     |
|         108 | TRACY       | COLE         | 1002 Ahmadnagar Manor                  |
|         109 | EDNA        | WEST         | 682 Junan Way                          |
|         110 | TIFFANY     | JORDAN       | 804 Elista Drive                       |
|         111 | CARMEN      | OWENS        | 1378 Alvorada Avenue                   |
|         112 | ROSA        | REYNOLDS     | 793 Cam Ranh Avenue                    |
|         113 | CINDY       | FISHER       | 1079 Tel Aviv-Jaffa Boulevard          |
|         114 | GRACE       | ELLIS        | 442 Rae Bareli Place                   |
|         115 | WENDY       | HARRISON     | 1107 Nakhon Sawan Avenue               |
|         116 | VICTORIA    | GIBSON       | 544 Malm Parkway                       |
|         117 | EDITH       | MCDONALD     | 1967 Sincelejo Place                   |
|         118 | KIM         | CRUZ         | 333 Goinia Way                         |
|         119 | SHERRY      | MARSHALL     | 1987 Coacalco de Berriozbal Loop       |
|         120 | SYLVIA      | ORTIZ        | 241 Mosul Lane                         |
|         121 | JOSEPHINE   | GOMEZ        | 211 Chiayi Drive                       |
|         122 | THELMA      | MURRAY       | 1175 Tanauan Way                       |
|         123 | SHANNON     | FREEMAN      | 117 Boa Vista Way                      |
|         124 | SHEILA      | WELLS        | 848 Tafuna Manor                       |
|         125 | ETHEL       | WEBB         | 569 Baicheng Lane                      |
|         126 | ELLEN       | SIMPSON      | 1666 Qomsheh Drive                     |
|         127 | ELAINE      | STEVENS      | 801 Hagonoy Drive                      |
|         128 | MARJORIE    | TUCKER       | 1050 Garden Grove Avenue               |
|         129 | CARRIE      | PORTER       | 1854 Tieli Street                      |
|         130 | CHARLOTTE   | HUNTER       | 758 Junan Lane                         |
|         131 | MONICA      | HICKS        | 1752 So Leopoldo Parkway               |
|         132 | ESTHER      | CRAWFORD     | 898 Belm Manor                         |
|         133 | PAULINE     | HENRY        | 261 Saint Louis Way                    |
|         134 | EMMA        | BOYD         | 765 Southampton Drive                  |
|         135 | JUANITA     | MASON        | 943 Johannesburg Avenue                |
|         136 | ANITA       | MORALES      | 788 Atinsk Street                      |
|         137 | RHONDA      | KENNEDY      | 1749 Daxian Place                      |
|         138 | HAZEL       | WARREN       | 1587 Sullana Lane                      |
|         139 | AMBER       | DIXON        | 1029 Dzerzinsk Manor                   |
|         140 | EVA         | RAMOS        | 1666 Beni-Mellal Place                 |
|         141 | DEBBIE      | REYES        | 928 Jaffna Loop                        |
|         142 | APRIL       | BURNS        | 483 Ljubertsy Parkway                  |
|         143 | LESLIE      | GORDON       | 374 Bat Yam Boulevard                  |
|         144 | CLARA       | SHAW         | 1027 Songkhla Manor                    |
|         145 | LUCILLE     | HOLMES       | 999 Sanaa Loop                         |
|         146 | JAMIE       | RICE         | 879 Newcastle Way                      |
|         147 | JOANNE      | ROBERTSON    | 1337 Lincoln Parkway                   |
|         148 | ELEANOR     | HUNT         | 1952 Pune Lane                         |
|         149 | VALERIE     | BLACK        | 782 Mosul Street                       |
|         150 | DANIELLE    | DANIELS      | 781 Shimonoseki Drive                  |
|         151 | MEGAN       | PALMER       | 1560 Jelets Boulevard                  |
|         152 | ALICIA      | MILLS        | 1963 Moscow Place                      |
|         153 | SUZANNE     | NICHOLS      | 456 Escobar Way                        |
|         154 | MICHELE     | GRANT        | 798 Cianjur Avenue                     |
|         155 | GAIL        | KNIGHT       | 185 Novi Sad Place                     |
|         156 | BERTHA      | FERGUSON     | 1367 Yantai Manor                      |
|         157 | DARLENE     | ROSE         | 1386 Nakhon Sawan Boulevard            |
|         158 | VERONICA    | STONE        | 369 Papeete Way                        |
|         159 | JILL        | HAWKINS      | 1440 Compton Place                     |
|         160 | ERIN        | DUNN         | 1623 Baha Blanca Manor                 |
|         161 | GERALDINE   | PERKINS      | 97 Shimoga Avenue                      |
|         162 | LAUREN      | HUDSON       | 1740 Le Mans Loop                      |
|         163 | CATHY       | SPENCER      | 1287 Xi´angfan Boulevard               |
|         164 | JOANN       | GARDNER      | 842 Salzburg Lane                      |
|         165 | LORRAINE    | STEPHENS     | 154 Tallahassee Loop                   |
|         166 | LYNN        | PAYNE        | 710 San Felipe del Progreso Avenue     |
|         167 | SALLY       | PIERCE       | 1540 Wroclaw Drive                     |
|         168 | REGINA      | BERRY        | 475 Atinsk Way                         |
|         169 | ERICA       | MATTHEWS     | 1294 Firozabad Drive                   |
|         170 | BEATRICE    | ARNOLD       | 1877 Ezhou Lane                        |
|         171 | DOLORES     | WAGNER       | 316 Uruapan Street                     |
|         172 | BERNICE     | WILLIS       | 29 Pyongyang Loop                      |
|         173 | AUDREY      | RAY          | 1010 Klerksdorp Way                    |
|         174 | YVONNE      | WATKINS      | 1848 Salala Boulevard                  |
|         175 | ANNETTE     | OLSON        | 431 Xi´angtan Avenue                   |
|         176 | JUNE        | CARROLL      | 757 Rustenburg Avenue                  |
|         177 | SAMANTHA    | DUNCAN       | 146 Johannesburg Way                   |
|         178 | MARION      | SNYDER       | 1891 Rizhao Boulevard                  |
|         179 | DANA        | HART         | 1089 Iwatsuki Avenue                   |
|         180 | STACY       | CUNNINGHAM   | 1410 Benin City Parkway                |
|         181 | ANA         | BRADLEY      | 682 Garden Grove Place                 |
|         182 | RENEE       | LANE         | 533 al-Ayn Boulevard                   |
|         183 | IDA         | ANDREWS      | 1839 Szkesfehrvr Parkway               |
|         184 | VIVIAN      | RUIZ         | 741 Ambattur Manor                     |
|         185 | ROBERTA     | HARPER       | 927 Barcelona Street                   |
|         186 | HOLLY       | FOX          | 435 0 Way                              |
|         187 | BRITTANY    | RILEY        | 140 Chiayi Parkway                     |
|         188 | MELANIE     | ARMSTRONG    | 1166 Changhwa Street                   |
|         189 | LORETTA     | CARPENTER    | 891 Novi Sad Manor                     |
|         190 | YOLANDA     | WEAVER       | 605 Rio Claro Parkway                  |
|         191 | JEANETTE    | GREENE       | 1077 San Felipe de Puerto Plata Place  |
|         192 | LAURIE      | LAWRENCE     | 9 San Miguel de Tucumn Manor           |
|         193 | KATIE       | ELLIOTT      | 447 Surakarta Loop                     |
|         194 | KRISTEN     | CHAVEZ       | 345 Oshawa Boulevard                   |
|         195 | VANESSA     | SIMS         | 1792 Valle de la Pascua Place          |
|         196 | ALMA        | AUSTIN       | 1074 Binzhou Manor                     |
|         197 | SUE         | PETERS       | 817 Bradford Loop                      |
|         198 | ELSIE       | KELLEY       | 955 Bamenda Way                        |
|         199 | BETH        | FRANKLIN     | 1149 A Corua (La Corua) Boulevard      |
|         200 | JEANNE      | LAWSON       | 387 Mwene-Ditu Drive                   |
|         201 | VICKI       | FIELDS       | 68 Molodetno Manor                     |
|         202 | CARLA       | GUTIERREZ    | 642 Nador Drive                        |
|         203 | TARA        | RYAN         | 1688 Nador Lane                        |
|         204 | ROSEMARY    | SCHMIDT      | 1215 Pyongyang Parkway                 |
|         205 | EILEEN      | CARR         | 1679 Antofagasta Street                |
|         206 | TERRI       | VASQUEZ      | 1304 ´s-Hertogenbosch Way              |
|         207 | GERTRUDE    | CASTILLO     | 850 Salala Loop                        |
|         208 | LUCY        | WHEELER      | 624 Oshawa Boulevard                   |
|         209 | TONYA       | CHAPMAN      | 43 Dadu Avenue                         |
|         210 | ELLA        | OLIVER       | 751 Lima Loop                          |
|         211 | STACEY      | MONTGOMERY   | 1333 Haldia Street                     |
|         212 | WILMA       | RICHARDS     | 660 Jedda Boulevard                    |
|         213 | GINA        | WILLIAMSON   | 1001 Miyakonojo Lane                   |
|         214 | KRISTIN     | JOHNSTON     | 226 Brest Manor                        |
|         215 | JESSIE      | BANKS        | 1229 Valencia Parkway                  |
|         216 | NATALIE     | MEYER        | 1201 Qomsheh Manor                     |
|         217 | AGNES       | BISHOP       | 866 Shivapuri Manor                    |
|         218 | VERA        | MCCOY        | 1168 Najafabad Parkway                 |
|         219 | WILLIE      | HOWELL       | 1244 Allappuzha (Alleppey) Place       |
|         220 | CHARLENE    | ALVAREZ      | 1842 Luzinia Boulevard                 |
|         221 | BESSIE      | MORRISON     | 1926 Gingoog Street                    |
|         222 | DELORES     | HANSEN       | 810 Palghat (Palakkad) Boulevard       |
|         223 | MELINDA     | FERNANDEZ    | 1820 Maring Parkway                    |
|         224 | PEARL       | GARZA        | 60 Poos de Caldas Street               |
|         225 | ARLENE      | HARVEY       | 1014 Loja Manor                        |
|         226 | MAUREEN     | LITTLE       | 201 Effon-Alaiye Way                   |
|         227 | COLLEEN     | BURTON       | 430 Alessandria Loop                   |
|         228 | ALLISON     | STANLEY      | 754 Valencia Place                     |
|         229 | TAMARA      | NGUYEN       | 356 Olomouc Manor                      |
|         230 | JOY         | GEORGE       | 1256 Bislig Boulevard                  |
|         231 | GEORGIA     | JACOBS       | 954 Kimchon Place                      |
|         232 | CONSTANCE   | REID         | 885 Yingkou Manor                      |
|         233 | LILLIE      | KIM          | 1736 Cavite Place                      |
|         234 | CLAUDIA     | FULLER       | 346 Skikda Parkway                     |
|         235 | JACKIE      | LYNCH        | 98 Stara Zagora Boulevard              |
|         236 | MARCIA      | DEAN         | 1479 Rustenburg Boulevard              |
|         237 | TANYA       | GILBERT      | 647 A Corua (La Corua) Street          |
|         238 | NELLIE      | GARRETT      | 1964 Gijn Manor                        |
|         239 | MINNIE      | ROMERO       | 47 Syktyvkar Lane                      |
|         240 | MARLENE     | WELCH        | 1148 Saarbrcken Parkway                |
|         241 | HEIDI       | LARSON       | 1103 Bilbays Parkway                   |
|         242 | GLENDA      | FRAZIER      | 1246 Boksburg Parkway                  |
|         243 | LYDIA       | BURKE        | 1483 Pathankot Street                  |
|         244 | VIOLA       | HANSON       | 582 Papeete Loop                       |
|         245 | COURTNEY    | DAY          | 300 Junan Street                       |
|         246 | MARIAN      | MENDOZA      | 829 Grand Prairie Way                  |
|         247 | STELLA      | MORENO       | 1473 Changhwa Parkway                  |
|         248 | CAROLINE    | BOWMAN       | 1309 Weifang Street                    |
|         249 | DORA        | MEDINA       | 1760 Oshawa Manor                      |
|         250 | JO          | FOWLER       | 786 Stara Zagora Way                   |
|         251 | VICKIE      | BREWER       | 1966 Tonghae Street                    |
|         252 | MATTIE      | HOFFMAN      | 1497 Yuzhou Drive                      |
|         253 | TERRY       | CARLSON      | 752 Ondo Loop                          |
|         254 | MAXINE      | SILVA        | 1338 Zalantun Lane                     |
|         255 | IRMA        | PEARSON      | 127 Iwakuni Boulevard                  |
|         256 | MABEL       | HOLLAND      | 51 Laredo Avenue                       |
|         257 | MARSHA      | DOUGLAS      | 771 Yaound Manor                       |
|         258 | MYRTLE      | FLEMING      | 532 Toulon Street                      |
|         259 | LENA        | JENSEN       | 1027 Banjul Place                      |
|         260 | CHRISTY     | VARGAS       | 1158 Mandi Bahauddin Parkway           |
|         261 | DEANNA      | BYRD         | 862 Xintai Lane                        |
|         262 | PATSY       | DAVIDSON     | 816 Cayenne Parkway                    |
|         263 | HILDA       | HOPKINS      | 1831 Nam Dinh Loop                     |
|         264 | GWENDOLYN   | MAY          | 446 Kirovo-Tepetsk Lane                |
|         265 | JENNIE      | TERRY        | 682 Halisahar Place                    |
|         266 | NORA        | HERRERA      | 1587 Loja Manor                        |
|         267 | MARGIE      | WADE         | 1762 Paarl Parkway                     |
|         268 | NINA        | SOTO         | 1519 Ilorin Place                      |
|         269 | CASSANDRA   | WALTERS      | 920 Kumbakonam Loop                    |
|         270 | LEAH        | CURTIS       | 906 Goinia Way                         |
|         271 | PENNY       | NEAL         | 1675 Xi´angfan Manor                   |
|         272 | KAY         | CALDWELL     | 85 San Felipe de Puerto Plata Drive    |
|         273 | PRISCILLA   | LOWE         | 144 South Hill Loop                    |
|         274 | NAOMI       | JENNINGS     | 1884 Shikarpur Avenue                  |
|         275 | CAROLE      | BARNETT      | 1980 Kamjanets-Podilskyi Street        |
|         276 | BRANDY      | GRAVES       | 1944 Bamenda Way                       |
|         277 | OLGA        | JIMENEZ      | 556 Baybay Manor                       |
|         278 | BILLIE      | HORTON       | 457 Tongliao Loop                      |
|         279 | DIANNE      | SHELTON      | 600 Bradford Street                    |
|         280 | TRACEY      | BARRETT      | 1006 Santa Brbara dOeste Manor         |
|         281 | LEONA       | OBRIEN       | 1308 Sumy Loop                         |
|         282 | JENNY       | CASTRO       | 1405 Chisinau Place                    |
|         283 | FELICIA     | SUTTON       | 226 Halifax Street                     |
|         284 | SONIA       | GREGORY      | 1279 Udine Parkway                     |
|         285 | MIRIAM      | MCKINNEY     | 1336 Benin City Drive                  |
|         286 | VELMA       | LUCAS        | 1155 Liaocheng Place                   |
|         287 | BECKY       | MILES        | 1993 Tabuk Lane                        |
|         288 | BOBBIE      | CRAIG        | 86 Higashiosaka Lane                   |
|         289 | VIOLET      | RODRIQUEZ    | 1912 Allende Manor                     |
|         290 | KRISTINA    | CHAMBERS     | 544 Tarsus Boulevard                   |
|         291 | TONI        | HOLT         | 1936 Cuman Avenue                      |
|         292 | MISTY       | LAMBERT      | 1192 Tongliao Street                   |
|         293 | MAE         | FLETCHER     | 44 Najafabad Way                       |
|         294 | SHELLY      | WATTS        | 32 Pudukkottai Lane                    |
|         295 | DAISY       | BATES        | 661 Chisinau Lane                      |
|         296 | RAMONA      | HALE         | 951 Stara Zagora Manor                 |
|         297 | SHERRI      | RHODES       | 922 Vila Velha Loop                    |
|         298 | ERIKA       | PENA         | 898 Jining Lane                        |
|         299 | JAMES       | GANNON       | 1635 Kuwana Boulevard                  |
|         300 | JOHN        | FARNSWORTH   | 41 El Alto Parkway                     |
|         301 | ROBERT      | BAUGHMAN     | 1883 Maikop Lane                       |
|         302 | MICHAEL     | SILVERMAN    | 1908 Gaziantep Place                   |
|         303 | WILLIAM     | SATTERFIELD  | 687 Alessandria Parkway                |
|         304 | DAVID       | ROYAL        | 827 Yuncheng Drive                     |
|         305 | RICHARD     | MCCRARY      | 913 Coacalco de Berriozbal Loop        |
|         306 | CHARLES     | KOWALSKI     | 715 So Bernardo do Campo Lane          |
|         307 | JOSEPH      | JOY          | 1354 Siegen Street                     |
|         308 | THOMAS      | GRIGSBY      | 1191 Sungai Petani Boulevard           |
|         309 | CHRISTOPHER | GRECO        | 1224 Huejutla de Reyes Boulevard       |
|         310 | DANIEL      | CABRAL       | 543 Bergamo Avenue                     |
|         311 | PAUL        | TROUT        | 746 Joliet Lane                        |
|         312 | MARK        | RINEHART     | 780 Kimberley Way                      |
|         313 | DONALD      | MAHON        | 1774 Yaound Place                      |
|         314 | GEORGE      | LINTON       | 1957 Yantai Lane                       |
|         315 | KENNETH     | GOODEN       | 1542 Lubumbashi Boulevard              |
|         316 | STEVEN      | CURLEY       | 651 Pathankot Loop                     |
|         317 | EDWARD      | BAUGH        | 1359 Zhoushan Parkway                  |
|         318 | BRIAN       | WYMAN        | 1769 Iwaki Lane                        |
|         319 | RONALD      | WEINER       | 1145 Vilnius Manor                     |
|         320 | ANTHONY     | SCHWAB       | 1892 Nabereznyje Telny Lane            |
|         321 | KEVIN       | SCHULER      | 470 Boksburg Street                    |
|         322 | JASON       | MORRISSEY    | 1427 A Corua (La Corua) Place          |
|         323 | MATTHEW     | MAHAN        | 479 San Felipe del Progreso Avenue     |
|         324 | GARY        | COY          | 867 Benin City Avenue                  |
|         325 | TIMOTHY     | BUNN         | 981 Kumbakonam Place                   |
|         326 | JOSE        | ANDREW       | 1016 Iwakuni Street                    |
|         327 | LARRY       | THRASHER     | 663 Baha Blanca Parkway                |
|         328 | JEFFREY     | SPEAR        | 1860 Taguig Loop                       |
|         329 | FRANK       | WAGGONER     | 1816 Bydgoszcz Loop                    |
|         330 | SCOTT       | SHELLEY      | 587 Benguela Manor                     |
|         331 | ERIC        | ROBERT       | 430 Kumbakonam Drive                   |
|         332 | STEPHEN     | QUALLS       | 1838 Tabriz Lane                       |
|         333 | ANDREW      | PURDY        | 431 Szkesfehrvr Avenue                 |
|         334 | RAYMOND     | MCWHORTER    | 503 Sogamoso Loop                      |
|         335 | GREGORY     | MAULDIN      | 507 Smolensk Loop                      |
|         336 | JOSHUA      | MARK         | 1920 Weifang Avenue                    |
|         337 | JERRY       | JORDON       | 124 al-Manama Way                      |
|         338 | DENNIS      | GILMAN       | 1443 Mardan Street                     |
|         339 | WALTER      | PERRYMAN     | 1909 Benguela Lane                     |
|         340 | PATRICK     | NEWSOM       | 68 Ponce Parkway                       |
|         341 | PETER       | MENARD       | 1217 Konotop Avenue                    |
|         342 | HAROLD      | MARTINO      | 1293 Nam Dinh Way                      |
|         343 | DOUGLAS     | GRAF         | 785 Vaduz Street                       |
|         344 | HENRY       | BILLINGSLEY  | 1516 Escobar Drive                     |
|         345 | CARL        | ARTIS        | 1628 Nagareyama Lane                   |
|         346 | ARTHUR      | SIMPKINS     | 1157 Nyeri Loop                        |
|         347 | RYAN        | SALISBURY    | 1673 Tangail Drive                     |
|         348 | ROGER       | QUINTANILLA  | 381 Kabul Way                          |
|         349 | JOE         | GILLILAND    | 953 Hodeida Street                     |
|         350 | JUAN        | FRALEY       | 469 Nakhon Sawan Street                |
|         351 | JACK        | FOUST        | 1378 Beira Loop                        |
|         352 | ALBERT      | CROUSE       | 1641 Changhwa Place                    |
|         353 | JONATHAN    | SCARBOROUGH  | 1698 Southport Loop                    |
|         354 | JUSTIN      | NGO          | 519 Nyeri Manor                        |
|         355 | TERRY       | GRISSOM      | 619 Hunuco Avenue                      |
|         356 | GERALD      | FULTZ        | 45 Aparecida de Goinia Place           |
|         357 | KEITH       | RICO         | 482 Kowloon and New Kowloon Manor      |
|         358 | SAMUEL      | MARLOW       | 604 Bern Place                         |
|         359 | WILLIE      | MARKHAM      | 1623 Kingstown Drive                   |
|         360 | RALPH       | MADRIGAL     | 1009 Zanzibar Lane                     |
|         361 | LAWRENCE    | LAWTON       | 114 Jalib al-Shuyukh Manor             |
|         362 | NICHOLAS    | BARFIELD     | 1163 London Parkway                    |
|         363 | ROY         | WHITING      | 1658 Jastrzebie-Zdrj Loop              |
|         364 | BENJAMIN    | VARNEY       | 817 Laredo Avenue                      |
|         365 | BRUCE       | SCHWARZ      | 1565 Tangail Manor                     |
|         366 | BRANDON     | HUEY         | 1912 Emeishan Drive                    |
|         367 | ADAM        | GOOCH        | 230 Urawa Drive                        |
|         368 | HARRY       | ARCE         | 1922 Miraj Way                         |
|         369 | FRED        | WHEAT        | 433 Florencia Street                   |
|         370 | WAYNE       | TRUONG       | 1049 Matamoros Parkway                 |
|         371 | BILLY       | POULIN       | 1061 Ede Avenue                        |
|         372 | STEVE       | MACKENZIE    | 154 Oshawa Manor                       |
|         373 | LOUIS       | LEONE        | 1191 Tandil Drive                      |
|         374 | JEREMY      | HURTADO      | 1133 Rizhao Avenue                     |
|         375 | AARON       | SELBY        | 1519 Santiago de los Caballeros Loop   |
|         376 | RANDY       | GAITHER      | 1618 Olomouc Manor                     |
|         377 | HOWARD      | FORTNER      | 220 Hidalgo Drive                      |
|         378 | EUGENE      | CULPEPPER    | 686 Donostia-San Sebastin Lane         |
|         379 | CARLOS      | COUGHLIN     | 97 Mogiljov Lane                       |
|         380 | RUSSELL     | BRINSON      | 1642 Charlotte Amalie Drive            |
|         381 | BOBBY       | BOUDREAU     | 1368 Maracabo Boulevard                |
|         382 | VICTOR      | BARKLEY      | 401 Sucre Boulevard                    |
|         383 | MARTIN      | BALES        | 368 Hunuco Boulevard                   |
|         384 | ERNEST      | STEPP        | 500 Lincoln Parkway                    |
|         385 | PHILLIP     | HOLM         | 102 Chapra Drive                       |
|         386 | TODD        | TAN          | 1793 Meixian Place                     |
|         387 | JESSE       | SCHILLING    | 514 Ife Way                            |
|         388 | CRAIG       | MORRELL      | 717 Changzhou Lane                     |
|         389 | ALAN        | KAHN         | 753 Ilorin Avenue                      |
|         390 | SHAWN       | HEATON       | 1337 Mit Ghamr Avenue                  |
|         391 | CLARENCE    | GAMEZ        | 767 Pyongyang Drive                    |
|         392 | SEAN        | DOUGLASS     | 614 Pak Kret Street                    |
|         393 | PHILIP      | CAUSEY       | 954 Lapu-Lapu Way                      |
|         394 | CHRIS       | BROTHERS     | 331 Bydgoszcz Parkway                  |
|         395 | JOHNNY      | TURPIN       | 1152 Citrus Heights Manor              |
|         396 | EARL        | SHANKS       | 168 Cianjur Manor                      |
|         397 | JIMMY       | SCHRADER     | 616 Hagonoy Avenue                     |
|         398 | ANTONIO     | MEEK         | 1190 0 Place                           |
|         399 | DANNY       | ISOM         | 734 Bchar Place                        |
|         400 | BRYAN       | HARDISON     | 530 Lausanne Lane                      |
|         401 | TONY        | CARRANZA     | 454 Patiala Lane                       |
|         402 | LUIS        | YANEZ        | 1346 Mysore Drive                      |
|         403 | MIKE        | WAY          | 990 Etawah Loop                        |
|         404 | STANLEY     | SCROGGINS    | 1266 Laredo Parkway                    |
|         405 | LEONARD     | SCHOFIELD    | 88 Nagaon Manor                        |
|         406 | NATHAN      | RUNYON       | 264 Bhimavaram Manor                   |
|         407 | DALE        | RATCLIFF     | 1639 Saarbrcken Drive                  |
|         408 | MANUEL      | MURRELL      | 692 Amroha Drive                       |
|         409 | RODNEY      | MOELLER      | 1936 Lapu-Lapu Parkway                 |
|         410 | CURTIS      | IRBY         | 432 Garden Grove Street                |
|         411 | NORMAN      | CURRIER      | 1445 Carmen Parkway                    |
|         412 | ALLEN       | BUTTERFIELD  | 791 Salinas Street                     |
|         413 | MARVIN      | YEE          | 126 Acua Parkway                       |
|         414 | VINCENT     | RALSTON      | 397 Sunnyvale Avenue                   |
|         415 | GLENN       | PULLEN       | 992 Klerksdorp Loop                    |
|         416 | JEFFERY     | PINSON       | 966 Arecibo Loop                       |
|         417 | TRAVIS      | ESTEP        | 289 Santo Andr Manor                   |
|         418 | JEFF        | EAST         | 437 Chungho Drive                      |
|         419 | CHAD        | CARBONE      | 1948 Bayugan Parkway                   |
|         420 | JACOB       | LANCE        | 1866 al-Qatif Avenue                   |
|         421 | LEE         | HAWKS        | 1661 Abha Drive                        |
|         422 | MELVIN      | ELLINGTON    | 1557 Cape Coral Parkway                |
|         423 | ALFRED      | CASILLAS     | 1727 Matamoros Place                   |
|         424 | KYLE        | SPURLOCK     | 1269 Botosani Manor                    |
|         425 | FRANCIS     | SIKES        | 355 Vitria de Santo Anto Way           |
|         426 | BRADLEY     | MOTLEY       | 1596 Acua Parkway                      |
|         427 | JESUS       | MCCARTNEY    | 259 Ipoh Drive                         |
|         428 | HERBERT     | KRUGER       | 1823 Hoshiarpur Lane                   |
|         429 | FREDERICK   | ISBELL       | 1404 Taguig Drive                      |
|         430 | RAY         | HOULE        | 740 Udaipur Lane                       |
|         431 | JOEL        | FRANCISCO    | 287 Cuautla Boulevard                  |
|         432 | EDWIN       | BURK         | 1766 Almirante Brown Street            |
|         433 | DON         | BONE         | 596 Huixquilucan Place                 |
|         434 | EDDIE       | TOMLIN       | 1351 Aparecida de Goinia Parkway       |
|         435 | RICKY       | SHELBY       | 722 Bradford Lane                      |
|         436 | TROY        | QUIGLEY      | 983 Santa F Way                        |
|         437 | RANDALL     | NEUMANN      | 1245 Ibirit Way                        |
|         438 | BARRY       | LOVELACE     | 1836 Korla Parkway                     |
|         439 | ALEXANDER   | FENNELL      | 231 Kaliningrad Place                  |
|         440 | BERNARD     | COLBY        | 495 Bhimavaram Lane                    |
|         441 | MARIO       | CHEATHAM     | 1924 Shimonoseki Drive                 |
|         442 | LEROY       | BUSTAMANTE   | 105 Dzerzinsk Manor                    |
|         443 | FRANCISCO   | SKIDMORE     | 614 Denizli Parkway                    |
|         444 | MARCUS      | HIDALGO      | 1289 Belm Boulevard                    |
|         445 | MICHEAL     | FORMAN       | 203 Tambaram Street                    |
|         446 | THEODORE    | CULP         | 1704 Tambaram Manor                    |
|         447 | CLIFFORD    | BOWENS       | 207 Cuernavaca Loop                    |
|         448 | MIGUEL      | BETANCOURT   | 319 Springs Loop                       |
|         449 | OSCAR       | AQUINO       | 956 Nam Dinh Manor                     |
|         450 | JAY         | ROBB         | 1947 Paarl Way                         |
|         451 | JIM         | REA          | 814 Simferopol Loop                    |
|         452 | TOM         | MILNER       | 535 Ahmadnagar Manor                   |
|         453 | CALVIN      | MARTEL       | 138 Caracas Boulevard                  |
|         454 | ALEX        | GRESHAM      | 251 Florencia Drive                    |
|         455 | JON         | WILES        | 659 Gatineau Boulevard                 |
|         456 | RONNIE      | RICKETTS     | 1889 Valparai Way                      |
|         457 | BILL        | GAVIN        | 1485 Bratislava Place                  |
|         458 | LLOYD       | DOWD         | 935 Aden Boulevard                     |
|         459 | TOMMY       | COLLAZO      | 76 Kermanshah Manor                    |
|         460 | LEON        | BOSTIC       | 734 Tanshui Avenue                     |
|         461 | DEREK       | BLAKELY      | 118 Jaffna Loop                        |
|         462 | WARREN      | SHERROD      | 1621 Tongliao Avenue                   |
|         463 | DARRELL     | POWER        | 1844 Usak Avenue                       |
|         464 | JEROME      | KENYON       | 1872 Toulon Loop                       |
|         465 | FLOYD       | GANDY        | 1088 Ibirit Place                      |
|         466 | LEO         | EBERT        | 1322 Mosul Parkway                     |
|         467 | ALVIN       | DELOACH      | 1447 Chatsworth Place                  |
|         468 | TIM         | CARY         | 1257 Guadalajara Street                |
|         469 | WESLEY      | BULL         | 1469 Plock Lane                        |
|         470 | GORDON      | ALLARD       | 434 Ourense (Orense) Manor             |
|         471 | DEAN        | SAUER        | 270 Tambaram Parkway                   |
|         472 | GREG        | ROBINS       | 1786 Salinas Place                     |
|         473 | JORGE       | OLIVARES     | 1078 Stara Zagora Drive                |
|         474 | DUSTIN      | GILLETTE     | 1854 Okara Boulevard                   |
|         475 | PEDRO       | CHESTNUT     | 421 Yaound Street                      |
|         476 | DERRICK     | BOURQUE      | 1153 Allende Way                       |
|         477 | DAN         | PAINE        | 808 Naala-Porto Parkway                |
|         478 | LEWIS       | LYMAN        | 632 Usolje-Sibirskoje Parkway          |
|         479 | ZACHARY     | HITE         | 98 Pyongyang Boulevard                 |
|         480 | COREY       | HAUSER       | 984 Novoterkassk Loop                  |
|         481 | HERMAN      | DEVORE       | 64 Korla Street                        |
|         482 | MAURICE     | CRAWLEY      | 1785 So Bernardo do Campo Street       |
|         483 | VERNON      | CHAPA        | 698 Jelets Boulevard                   |
|         484 | ROBERTO     | VU           | 1297 Alvorada Parkway                  |
|         485 | CLYDE       | TOBIAS       | 1909 Dayton Avenue                     |
|         486 | GLEN        | TALBERT      | 1789 Saint-Denis Parkway               |
|         487 | HECTOR      | POINDEXTER   | 185 Mannheim Lane                      |
|         488 | SHANE       | MILLARD      | 184 Mandaluyong Street                 |
|         489 | RICARDO     | MEADOR       | 591 Sungai Petani Drive                |
|         490 | SAM         | MCDUFFIE     | 656 Matamoros Drive                    |
|         491 | RICK        | MATTOX       | 775 ostka Drive                        |
|         492 | LESTER      | KRAUS        | 1013 Tabuk Boulevard                   |
|         493 | BRENT       | HARKINS      | 319 Plock Parkway                      |
|         494 | RAMON       | CHOATE       | 1954 Kowloon and New Kowloon Way       |
|         495 | CHARLIE     | BESS         | 362 Rajkot Lane                        |
|         496 | TYLER       | WREN         | 1060 Tandil Lane                       |
|         497 | GILBERT     | SLEDGE       | 1515 Korla Way                         |
|         498 | GENE        | SANBORN      | 1416 San Juan Bautista Tuxtepec Avenue |
|         499 | MARC        | OUTLAW       | 1 Valle de Santiago Avenue             |
|         500 | REGINALD    | KINDER       | 519 Brescia Parkway                    |
|         501 | RUBEN       | GEARY        | 414 Mandaluyong Street                 |
|         502 | BRETT       | CORNWELL     | 1197 Sokoto Boulevard                  |
|         503 | ANGEL       | BARCLAY      | 496 Celaya Drive                       |
|         504 | NATHANIEL   | ADAM         | 786 Matsue Way                         |
|         505 | RAFAEL      | ABNEY        | 48 Maracabo Place                      |
|         506 | LESLIE      | SEWARD       | 1152 al-Qatif Lane                     |
|         507 | EDGAR       | RHOADS       | 1269 Ipoh Avenue                       |
|         508 | MILTON      | HOWLAND      | 758 Korolev Parkway                    |
|         509 | RAUL        | FORTIER      | 1747 Rustenburg Place                  |
|         510 | BEN         | EASTER       | 886 Tonghae Place                      |
|         511 | CHESTER     | BENNER       | 1574 Goinia Boulevard                  |
|         512 | CECIL       | VINES        | 548 Uruapan Street                     |
|         513 | DUANE       | TUBBS        | 962 Tama Loop                          |
|         514 | FRANKLIN    | TROUTMAN     | 1778 Gijn Manor                        |
|         515 | ANDRE       | RAPP         | 568 Dhule (Dhulia) Loop                |
|         516 | ELMER       | NOE          | 1768 Udine Loop                        |
|         517 | BRAD        | MCCURDY      | 608 Birgunj Parkway                    |
|         518 | GABRIEL     | HARDER       | 680 A Corua (La Corua) Manor           |
|         519 | RON         | DELUCA       | 1949 Sanya Street                      |
|         520 | MITCHELL    | WESTMORELAND | 617 Klerksdorp Place                   |
|         521 | ROLAND      | SOUTH        | 1993 0 Loop                            |
|         522 | ARNOLD      | HAVENS       | 1176 Southend-on-Sea Manor             |
|         523 | HARVEY      | GUAJARDO     | 600 Purnea (Purnia) Avenue             |
|         524 | JARED       | ELY          | 1003 Qinhuangdao Street                |
|         525 | ADRIAN      | CLARY        | 1986 Sivas Place                       |
|         526 | KARL        | SEAL         | 1427 Tabuk Place                       |
|         527 | CORY        | MEEHAN       | 556 Asuncin Way                        |
|         528 | CLAUDE      | HERZOG       | 486 Ondo Parkway                       |
|         529 | ERIK        | GUILLEN      | 635 Brest Manor                        |
|         530 | DARRYL      | ASHCRAFT     | 166 Jinchang Street                    |
|         531 | JAMIE       | WAUGH        | 958 Sagamihara Lane                    |
|         532 | NEIL        | RENNER       | 1817 Livorno Way                       |
|         533 | JESSIE      | MILAM        | 1332 Gaziantep Lane                    |
|         534 | CHRISTIAN   | JUNG         | 949 Allende Lane                       |
|         535 | JAVIER      | ELROD        | 195 Ilorin Street                      |
|         536 | FERNANDO    | CHURCHILL    | 193 Bhusawal Place                     |
|         537 | CLINTON     | BUFORD       | 43 Vilnius Manor                       |
|         538 | TED         | BREAUX       | 183 Haiphong Street                    |
|         539 | MATHEW      | BOLIN        | 163 Augusta-Richmond County Loop       |
|         540 | TYRONE      | ASHER        | 191 Jos Azueta Parkway                 |
|         541 | DARREN      | WINDHAM      | 379 Lublin Parkway                     |
|         542 | LONNIE      | TIRADO       | 1658 Cuman Loop                        |
|         543 | LANCE       | PEMBERTON    | 454 Qinhuangdao Drive                  |
|         544 | CODY        | NOLEN        | 1715 Okayama Street                    |
|         545 | JULIO       | NOLAND       | 182 Nuku´alofa Drive                   |
|         546 | KELLY       | KNOTT        | 390 Wroclaw Way                        |
|         547 | KURT        | EMMONS       | 1421 Quilmes Lane                      |
|         548 | ALLAN       | CORNISH      | 947 Trshavn Place                      |
|         549 | NELSON      | CHRISTENSON  | 1764 Jalib al-Shuyukh Parkway          |
|         550 | GUY         | BROWNLEE     | 346 Cam Ranh Avenue                    |
|         551 | CLAYTON     | BARBEE       | 1407 Pachuca de Soto Place             |
|         552 | HUGH        | WALDROP      | 904 Clarksville Drive                  |
|         553 | MAX         | PITT         | 1917 Kumbakonam Parkway                |
|         554 | DWAYNE      | OLVERA       | 1447 Imus Place                        |
|         555 | DWIGHT      | LOMBARDI     | 1497 Fengshan Drive                    |
|         556 | ARMANDO     | GRUBER       | 869 Shikarpur Way                      |
|         557 | FELIX       | GAFFNEY      | 1059 Yuncheng Avenue                   |
|         558 | JIMMIE      | EGGLESTON    | 505 Madiun Boulevard                   |
|         559 | EVERETT     | BANDA        | 1741 Hoshiarpur Boulevard              |
|         560 | JORDAN      | ARCHULETA    | 1229 Varanasi (Benares) Manor          |
|         561 | IAN         | STILL        | 1894 Boa Vista Way                     |
|         562 | WALLACE     | SLONE        | 1342 Sharja Way                        |
|         563 | KEN         | PREWITT      | 1342 Abha Boulevard                    |
|         564 | BOB         | PFEIFFER     | 415 Pune Avenue                        |
|         565 | JAIME       | NETTLES      | 1746 Faaa Way                          |
|         566 | CASEY       | MENA         | 539 Hami Way                           |
|         567 | ALFREDO     | MCADAMS      | 1407 Surakarta Manor                   |
|         568 | ALBERTO     | HENNING      | 502 Mandi Bahauddin Parkway            |
|         569 | DAVE        | GARDINER     | 1052 Pathankot Avenue                  |
|         570 | IVAN        | CROMWELL     | 1351 Sousse Lane                       |
|         571 | JOHNNIE     | CHISHOLM     | 1501 Pangkal Pinang Avenue             |
|         572 | SIDNEY      | BURLESON     | 1405 Hagonoy Avenue                    |
|         573 | BYRON       | BOX          | 521 San Juan Bautista Tuxtepec Place   |
|         574 | JULIAN      | VEST         | 923 Tangail Boulevard                  |
|         575 | ISAAC       | OGLESBY      | 186 Skikda Lane                        |
|         576 | MORRIS      | MCCARTER     | 1568 Celaya Parkway                    |
|         577 | CLIFTON     | MALCOLM      | 1489 Kakamigahara Lane                 |
|         578 | WILLARD     | LUMPKIN      | 1819 Alessandria Loop                  |
|         579 | DARYL       | LARUE        | 1208 Tama Loop                         |
|         580 | ROSS        | GREY         | 951 Springs Lane                       |
|         581 | VIRGIL      | WOFFORD      | 760 Miyakonojo Drive                   |
|         582 | ANDY        | VANHORN      | 966 Asuncin Way                        |
|         583 | MARSHALL    | THORN        | 1584 Ljubertsy Lane                    |
|         584 | SALVADOR    | TEEL         | 247 Jining Parkway                     |
|         585 | PERRY       | SWAFFORD     | 773 Dallas Manor                       |
|         586 | KIRK        | STCLAIR      | 1923 Stara Zagora Lane                 |
|         587 | SERGIO      | STANFIELD    | 1402 Zanzibar Boulevard                |
|         588 | MARION      | OCAMPO       | 1464 Kursk Parkway                     |
|         589 | TRACY       | HERRMANN     | 1074 Sanaa Parkway                     |
|         590 | SETH        | HANNON       | 1759 Niznekamsk Avenue                 |
|         591 | KENT        | ARSENAULT    | 32 Liaocheng Way                       |
|         592 | TERRANCE    | ROUSH        | 42 Fontana Avenue                      |
|         593 | RENE        | MCALISTER    | 1895 Zhezqazghan Drive                 |
|         594 | EDUARDO     | HIATT        | 1837 Kaduna Parkway                    |
|         595 | TERRENCE    | GUNDERSON    | 844 Bucuresti Place                    |
|         596 | ENRIQUE     | FORSYTHE     | 1101 Bucuresti Boulevard               |
|         597 | FREDDIE     | DUGGAN       | 1103 Quilmes Boulevard                 |
|         598 | WADE        | DELVALLE     | 1331 Usak Boulevard                    |
|         599 | AUSTIN      | CINTRON      | 1325 Fukuyama Street                   |
+-------------+-------------+--------------+----------------------------------------+
599 rows in set (0.0187 sec)
 MySQL  localhost:33060+ ssl  sakila  SQL > select a.customer_id, a.first_name,a.last_name, b.address, b.city_id from customer a inner join address b on a.address_id = b.address_id;
+-------------+-------------+--------------+----------------------------------------+---------+
| customer_id | first_name  | last_name    | address                                | city_id |
+-------------+-------------+--------------+----------------------------------------+---------+
|           1 | MARY        | SMITH        | 1913 Hanoi Way                         |     463 |
|           2 | PATRICIA    | JOHNSON      | 1121 Loja Avenue                       |     449 |
|           3 | LINDA       | WILLIAMS     | 692 Joliet Street                      |      38 |
|           4 | BARBARA     | JONES        | 1566 Inegl Manor                       |     349 |
|           5 | ELIZABETH   | BROWN        | 53 Idfu Parkway                        |     361 |
|           6 | JENNIFER    | DAVIS        | 1795 Santiago de Compostela Way        |     295 |
|           7 | MARIA       | MILLER       | 900 Santiago de Compostela Parkway     |     280 |
|           8 | SUSAN       | WILSON       | 478 Joliet Way                         |     200 |
|           9 | MARGARET    | MOORE        | 613 Korolev Drive                      |     329 |
|          10 | DOROTHY     | TAYLOR       | 1531 Sal Drive                         |     162 |
|          11 | LISA        | ANDERSON     | 1542 Tarlac Parkway                    |     440 |
|          12 | NANCY       | THOMAS       | 808 Bhopal Manor                       |     582 |
|          13 | KAREN       | JACKSON      | 270 Amroha Parkway                     |     384 |
|          14 | BETTY       | WHITE        | 770 Bydgoszcz Avenue                   |     120 |
|          15 | HELEN       | HARRIS       | 419 Iligan Lane                        |      76 |
|          16 | SANDRA      | MARTIN       | 360 Toulouse Parkway                   |     495 |
|          17 | DONNA       | THOMPSON     | 270 Toulon Boulevard                   |     156 |
|          18 | CAROL       | GARCIA       | 320 Brest Avenue                       |     252 |
|          19 | RUTH        | MARTINEZ     | 1417 Lancaster Avenue                  |     267 |
|          20 | SHARON      | ROBINSON     | 1688 Okara Way                         |     327 |
|          21 | MICHELLE    | CLARK        | 262 A Corua (La Corua) Parkway         |     525 |
|          22 | LAURA       | RODRIGUEZ    | 28 Charlotte Amalie Street             |     443 |
|          23 | SARAH       | LEWIS        | 1780 Hino Boulevard                    |     303 |
|          24 | KIMBERLY    | LEE          | 96 Tafuna Way                          |     128 |
|          25 | DEBORAH     | WALKER       | 934 San Felipe de Puerto Plata Street  |     472 |
|          26 | JESSICA     | HALL         | 18 Duisburg Boulevard                  |     121 |
|          27 | SHIRLEY     | ALLEN        | 217 Botshabelo Place                   |     138 |
|          28 | CYNTHIA     | YOUNG        | 1425 Shikarpur Manor                   |     346 |
|          29 | ANGELA      | HERNANDEZ    | 786 Aurora Avenue                      |     474 |
|          30 | MELISSA     | KING         | 1668 Anpolis Street                    |     316 |
|          31 | BRENDA      | WRIGHT       | 33 Gorontalo Way                       |     257 |
|          32 | AMY         | LOPEZ        | 176 Mandaluyong Place                  |     239 |
|          33 | ANNA        | HILL         | 127 Purnea (Purnia) Manor              |      17 |
|          34 | REBECCA     | SCOTT        | 61 Tama Street                         |     284 |
|          35 | VIRGINIA    | GREEN        | 391 Callao Drive                       |     544 |
|          36 | KATHLEEN    | ADAMS        | 334 Munger (Monghyr) Lane              |      31 |
|          37 | PAMELA      | BAKER        | 1440 Fukuyama Loop                     |     362 |
|          38 | MARTHA      | GONZALEZ     | 269 Cam Ranh Parkway                   |     115 |
|          39 | DEBRA       | NELSON       | 306 Antofagasta Place                  |     569 |
|          40 | AMANDA      | CARTER       | 671 Graz Street                        |     353 |
|          41 | STEPHANIE   | MITCHELL     | 42 Brindisi Place                      |     586 |
|          42 | CAROLYN     | PEREZ        | 1632 Bislig Avenue                     |     394 |
|          43 | CHRISTINE   | ROBERTS      | 1447 Imus Way                          |     167 |
|          44 | MARIE       | TURNER       | 1998 Halifax Drive                     |     308 |
|          45 | JANET       | PHILLIPS     | 1718 Valencia Street                   |      27 |
|          46 | CATHERINE   | CAMPBELL     | 46 Pjatigorsk Lane                     |     343 |
|          47 | FRANCES     | PARKER       | 686 Garland Manor                      |     247 |
|          48 | ANN         | EVANS        | 909 Garland Manor                      |     367 |
|          49 | JOYCE       | EDWARDS      | 725 Isesaki Place                      |     237 |
|          50 | DIANE       | COLLINS      | 115 Hidalgo Parkway                    |     379 |
|          51 | ALICE       | STEWART      | 1135 Izumisano Parkway                 |     171 |
|          52 | JULIE       | SANCHEZ      | 939 Probolinggo Loop                   |       1 |
|          53 | HEATHER     | MORRIS       | 17 Kabul Boulevard                     |     355 |
|          54 | TERESA      | ROGERS       | 1964 Allappuzha (Alleppey) Street      |     227 |
|          55 | DORIS       | REED         | 1697 Kowloon and New Kowloon Loop      |      49 |
|          56 | GLORIA      | COOK         | 1668 Saint Louis Place                 |     397 |
|          57 | EVELYN      | MORGAN       | 943 Tokat Street                       |     560 |
|          58 | JEAN        | BELL         | 1114 Liepaja Street                    |     282 |
|          59 | CHERYL      | MURPHY       | 1213 Ranchi Parkway                    |     350 |
|          60 | MILDRED     | BAILEY       | 81 Hodeida Way                         |     231 |
|          61 | KATHERINE   | RIVERA       | 915 Ponce Place                        |      56 |
|          62 | JOAN        | COOPER       | 1717 Guadalajara Lane                  |     441 |
|          63 | ASHLEY      | RICHARDSON   | 1214 Hanoi Way                         |     306 |
|          64 | JUDITH      | COX          | 1966 Amroha Avenue                     |     139 |
|          65 | ROSE        | HOWARD       | 698 Otsu Street                        |     105 |
|          66 | JANICE      | WARD         | 1150 Kimchon Manor                     |     321 |
|          67 | KELLY       | TORRES       | 1586 Guaruj Place                      |     579 |
|          68 | NICOLE      | PETERSON     | 57 Arlington Manor                     |     475 |
|          69 | JUDY        | GRAY         | 1031 Daugavpils Parkway                |      63 |
|          70 | CHRISTINA   | RAMIREZ      | 1124 Buenaventura Drive                |      13 |
|          71 | KATHY       | JAMES        | 492 Cam Ranh Street                    |      61 |
|          72 | THERESA     | WATSON       | 89 Allappuzha (Alleppey) Manor         |     517 |
|          73 | BEVERLY     | BROOKS       | 1947 Poos de Caldas Boulevard          |     114 |
|          74 | DENISE      | KELLY        | 1206 Dos Quebradas Place               |     431 |
|          75 | TAMMY       | SANDERS      | 1551 Rampur Lane                       |     108 |
|          76 | IRENE       | PRICE        | 602 Paarl Street                       |     402 |
|          77 | JANE        | BENNETT      | 1692 Ede Loop                          |      30 |
|          78 | LORI        | WOOD         | 936 Salzburg Lane                      |     425 |
|          79 | RACHEL      | BARNES       | 586 Tete Way                           |     256 |
|          80 | MARILYN     | ROSS         | 1888 Kabul Drive                       |     217 |
|          81 | ANDREA      | HENDERSON    | 320 Baiyin Parkway                     |     319 |
|          82 | KATHRYN     | COLEMAN      | 927 Baha Blanca Parkway                |     479 |
|          83 | LOUISE      | JENKINS      | 929 Tallahassee Loop                   |     497 |
|          84 | SARA        | PERRY        | 125 Citt del Vaticano Boulevard        |      40 |
|          85 | ANNE        | POWELL       | 1557 Ktahya Boulevard                  |      88 |
|          86 | JACQUELINE  | LONG         | 870 Ashqelon Loop                      |     489 |
|          87 | WANDA       | PATTERSON    | 1740 Portoviejo Avenue                 |     480 |
|          88 | BONNIE      | HUGHES       | 1942 Ciparay Parkway                   |     113 |
|          89 | JULIA       | FLORES       | 1926 El Alto Avenue                    |     289 |
|          90 | RUBY        | WASHINGTON   | 1952 Chatsworth Drive                  |     332 |
|          91 | LOIS        | BUTLER       | 1370 Le Mans Avenue                    |      53 |
|          92 | TINA        | SIMMONS      | 984 Effon-Alaiye Avenue                |     183 |
|          93 | PHYLLIS     | FOSTER       | 832 Nakhon Sawan Manor                 |     592 |
|          94 | NORMA       | GONZALES     | 152 Kitwe Parkway                      |      82 |
|          95 | PAULA       | BRYANT       | 1697 Tanauan Lane                      |     399 |
|          96 | DIANA       | ALEXANDER    | 1308 Arecibo Way                       |      41 |
|          97 | ANNIE       | RUSSELL      | 1599 Plock Drive                       |     534 |
|          98 | LILLIAN     | GRIFFIN      | 669 Firozabad Loop                     |      12 |
|          99 | EMILY       | DIAZ         | 588 Vila Velha Manor                   |     268 |
|         100 | ROBIN       | HAYES        | 1913 Kamakura Place                    |     238 |
|         101 | PEGGY       | MYERS        | 733 Mandaluyong Place                  |       2 |
|         102 | CRYSTAL     | FORD         | 659 Vaduz Drive                        |      34 |
|         103 | GLADYS      | HAMILTON     | 1177 Jelets Way                        |     220 |
|         104 | RITA        | GRAHAM       | 1386 Yangor Avenue                     |     543 |
|         105 | DAWN        | SULLIVAN     | 454 Nakhon Sawan Boulevard             |     173 |
|         106 | CONNIE      | WALLACE      | 1867 San Juan Bautista Tuxtepec Avenue |     225 |
|         107 | FLORENCE    | WOODS        | 1532 Dzerzinsk Way                     |     334 |
|         108 | TRACY       | COLE         | 1002 Ahmadnagar Manor                  |     213 |
|         109 | EDNA        | WEST         | 682 Junan Way                          |     273 |
|         110 | TIFFANY     | JORDAN       | 804 Elista Drive                       |     159 |
|         111 | CARMEN      | OWENS        | 1378 Alvorada Avenue                   |     102 |
|         112 | ROSA        | REYNOLDS     | 793 Cam Ranh Avenue                    |     292 |
|         113 | CINDY       | FISHER       | 1079 Tel Aviv-Jaffa Boulevard          |     132 |
|         114 | GRACE       | ELLIS        | 442 Rae Bareli Place                   |     148 |
|         115 | WENDY       | HARRISON     | 1107 Nakhon Sawan Avenue               |     365 |
|         116 | VICTORIA    | GIBSON       | 544 Malm Parkway                       |     403 |
|         117 | EDITH       | MCDONALD     | 1967 Sincelejo Place                   |     176 |
|         118 | KIM         | CRUZ         | 333 Goinia Way                         |     185 |
|         119 | SHERRY      | MARSHALL     | 1987 Coacalco de Berriozbal Loop       |     476 |
|         120 | SYLVIA      | ORTIZ        | 241 Mosul Lane                         |     147 |
|         121 | JOSEPHINE   | GOMEZ        | 211 Chiayi Drive                       |     164 |
|         122 | THELMA      | MURRAY       | 1175 Tanauan Way                       |     305 |
|         123 | SHANNON     | FREEMAN      | 117 Boa Vista Way                      |     566 |
|         124 | SHEILA      | WELLS        | 848 Tafuna Manor                       |     281 |
|         125 | ETHEL       | WEBB         | 569 Baicheng Lane                      |      85 |
|         126 | ELLEN       | SIMPSON      | 1666 Qomsheh Drive                     |     410 |
|         127 | ELAINE      | STEVENS      | 801 Hagonoy Drive                      |     484 |
|         128 | MARJORIE    | TUCKER       | 1050 Garden Grove Avenue               |     236 |
|         129 | CARRIE      | PORTER       | 1854 Tieli Street                      |     302 |
|         130 | CHARLOTTE   | HUNTER       | 758 Junan Lane                         |     190 |
|         131 | MONICA      | HICKS        | 1752 So Leopoldo Parkway               |     345 |
|         132 | ESTHER      | CRAWFORD     | 898 Belm Manor                         |      87 |
|         133 | PAULINE     | HENRY        | 261 Saint Louis Way                    |     541 |
|         134 | EMMA        | BOYD         | 765 Southampton Drive                  |     421 |
|         135 | JUANITA     | MASON        | 943 Johannesburg Avenue                |     417 |
|         136 | ANITA       | MORALES      | 788 Atinsk Street                      |     211 |
|         137 | RHONDA      | KENNEDY      | 1749 Daxian Place                      |      29 |
|         138 | HAZEL       | WARREN       | 1587 Sullana Lane                      |     207 |
|         139 | AMBER       | DIXON        | 1029 Dzerzinsk Manor                   |     542 |
|         140 | EVA         | RAMOS        | 1666 Beni-Mellal Place                 |     123 |
|         141 | DEBBIE      | REYES        | 928 Jaffna Loop                        |     172 |
|         142 | APRIL       | BURNS        | 483 Ljubertsy Parkway                  |     149 |
|         143 | LESLIE      | GORDON       | 374 Bat Yam Boulevard                  |     266 |
|         144 | CLARA       | SHAW         | 1027 Songkhla Manor                    |     340 |
|         145 | LUCILLE     | HOLMES       | 999 Sanaa Loop                         |     491 |
|         146 | JAMIE       | RICE         | 879 Newcastle Way                      |     499 |
|         147 | JOANNE      | ROBERTSON    | 1337 Lincoln Parkway                   |     555 |
|         148 | ELEANOR     | HUNT         | 1952 Pune Lane                         |     442 |
|         149 | VALERIE     | BLACK        | 782 Mosul Street                       |      94 |
|         150 | DANIELLE    | DANIELS      | 781 Shimonoseki Drive                  |     202 |
|         151 | MEGAN       | PALMER       | 1560 Jelets Boulevard                  |     291 |
|         152 | ALICIA      | MILLS        | 1963 Moscow Place                      |     354 |
|         153 | SUZANNE     | NICHOLS      | 456 Escobar Way                        |     232 |
|         154 | MICHELE     | GRANT        | 798 Cianjur Avenue                     |     590 |
|         155 | GAIL        | KNIGHT       | 185 Novi Sad Place                     |      72 |
|         156 | BERTHA      | FERGUSON     | 1367 Yantai Manor                      |     381 |
|         157 | DARLENE     | ROSE         | 1386 Nakhon Sawan Boulevard            |     420 |
|         158 | VERONICA    | STONE        | 369 Papeete Way                        |     187 |
|         159 | JILL        | HAWKINS      | 1440 Compton Place                     |     307 |
|         160 | ERIN        | DUNN         | 1623 Baha Blanca Manor                 |     310 |
|         161 | GERALDINE   | PERKINS      | 97 Shimoga Avenue                      |     533 |
|         162 | LAUREN      | HUDSON       | 1740 Le Mans Loop                      |     297 |
|         163 | CATHY       | SPENCER      | 1287 Xi´angfan Boulevard               |     253 |
|         164 | JOANN       | GARDNER      | 842 Salzburg Lane                      |     529 |
|         165 | LORRAINE    | STEPHENS     | 154 Tallahassee Loop                   |     199 |
|         166 | LYNN        | PAYNE        | 710 San Felipe del Progreso Avenue     |     304 |
|         167 | SALLY       | PIERCE       | 1540 Wroclaw Drive                     |     107 |
|         168 | REGINA      | BERRY        | 475 Atinsk Way                         |     240 |
|         169 | ERICA       | MATTHEWS     | 1294 Firozabad Drive                   |     407 |
|         170 | BEATRICE    | ARNOLD       | 1877 Ezhou Lane                        |     550 |
|         171 | DOLORES     | WAGNER       | 316 Uruapan Street                     |     223 |
|         172 | BERNICE     | WILLIS       | 29 Pyongyang Loop                      |      58 |
|         173 | AUDREY      | RAY          | 1010 Klerksdorp Way                    |     186 |
|         174 | YVONNE      | WATKINS      | 1848 Salala Boulevard                  |     373 |
|         175 | ANNETTE     | OLSON        | 431 Xi´angtan Avenue                   |      18 |
|         176 | JUNE        | CARROLL      | 757 Rustenburg Avenue                  |     483 |
|         177 | SAMANTHA    | DUNCAN       | 146 Johannesburg Way                   |     330 |
|         178 | MARION      | SNYDER       | 1891 Rizhao Boulevard                  |     456 |
|         179 | DANA        | HART         | 1089 Iwatsuki Avenue                   |     270 |
|         180 | STACY       | CUNNINGHAM   | 1410 Benin City Parkway                |     405 |
|         181 | ANA         | BRADLEY      | 682 Garden Grove Place                 |     333 |
|         182 | RENEE       | LANE         | 533 al-Ayn Boulevard                   |     126 |
|         183 | IDA         | ANDREWS      | 1839 Szkesfehrvr Parkway               |     317 |
|         184 | VIVIAN      | RUIZ         | 741 Ambattur Manor                     |     438 |
|         185 | ROBERTA     | HARPER       | 927 Barcelona Street                   |     467 |
|         186 | HOLLY       | FOX          | 435 0 Way                              |     195 |
|         187 | BRITTANY    | RILEY        | 140 Chiayi Parkway                     |     506 |
|         188 | MELANIE     | ARMSTRONG    | 1166 Changhwa Street                   |      62 |
|         189 | LORETTA     | CARPENTER    | 891 Novi Sad Manor                     |     383 |
|         190 | YOLANDA     | WEAVER       | 605 Rio Claro Parkway                  |     513 |
|         191 | JEANETTE    | GREENE       | 1077 San Felipe de Puerto Plata Place  |     369 |
|         192 | LAURIE      | LAWRENCE     | 9 San Miguel de Tucumn Manor           |     169 |
|         193 | KATIE       | ELLIOTT      | 447 Surakarta Loop                     |     271 |
|         194 | KRISTEN     | CHAVEZ       | 345 Oshawa Boulevard                   |     204 |
|         195 | VANESSA     | SIMS         | 1792 Valle de la Pascua Place          |     477 |
|         196 | ALMA        | AUSTIN       | 1074 Binzhou Manor                     |     325 |
|         197 | SUE         | PETERS       | 817 Bradford Loop                      |     109 |
|         198 | ELSIE       | KELLEY       | 955 Bamenda Way                        |     218 |
|         199 | BETH        | FRANKLIN     | 1149 A Corua (La Corua) Boulevard      |     194 |
|         200 | JEANNE      | LAWSON       | 387 Mwene-Ditu Drive                   |      35 |
|         201 | VICKI       | FIELDS       | 68 Molodetno Manor                     |     575 |
|         202 | CARLA       | GUTIERREZ    | 642 Nador Drive                        |      77 |
|         203 | TARA        | RYAN         | 1688 Nador Lane                        |     184 |
|         204 | ROSEMARY    | SCHMIDT      | 1215 Pyongyang Parkway                 |     557 |
|         205 | EILEEN      | CARR         | 1679 Antofagasta Street                |     122 |
|         206 | TERRI       | VASQUEZ      | 1304 ´s-Hertogenbosch Way              |      83 |
|         207 | GERTRUDE    | CASTILLO     | 850 Salala Loop                        |     371 |
|         208 | LUCY        | WHEELER      | 624 Oshawa Boulevard                   |      51 |
|         209 | TONYA       | CHAPMAN      | 43 Dadu Avenue                         |      74 |
|         210 | ELLA        | OLIVER       | 751 Lima Loop                          |       7 |
|         211 | STACEY      | MONTGOMERY   | 1333 Haldia Street                     |     174 |
|         212 | WILMA       | RICHARDS     | 660 Jedda Boulevard                    |      65 |
|         213 | GINA        | WILLIAMSON   | 1001 Miyakonojo Lane                   |     518 |
|         214 | KRISTIN     | JOHNSTON     | 226 Brest Manor                        |     508 |
|         215 | JESSIE      | BANKS        | 1229 Valencia Parkway                  |     498 |
|         216 | NATALIE     | MEYER        | 1201 Qomsheh Manor                     |      28 |
|         217 | AGNES       | BISHOP       | 866 Shivapuri Manor                    |     448 |
|         218 | VERA        | MCCOY        | 1168 Najafabad Parkway                 |     251 |
|         219 | WILLIE      | HOWELL       | 1244 Allappuzha (Alleppey) Place       |     567 |
|         220 | CHARLENE    | ALVAREZ      | 1842 Luzinia Boulevard                 |     593 |
|         221 | BESSIE      | MORRISON     | 1926 Gingoog Street                    |     511 |
|         222 | DELORES     | HANSEN       | 810 Palghat (Palakkad) Boulevard       |     235 |
|         223 | MELINDA     | FERNANDEZ    | 1820 Maring Parkway                    |     324 |
|         224 | PEARL       | GARZA        | 60 Poos de Caldas Street               |     243 |
|         225 | ARLENE      | HARVEY       | 1014 Loja Manor                        |      22 |
|         226 | MAUREEN     | LITTLE       | 201 Effon-Alaiye Way                   |      37 |
|         227 | COLLEEN     | BURTON       | 430 Alessandria Loop                   |     439 |
|         228 | ALLISON     | STANLEY      | 754 Valencia Place                     |     406 |
|         229 | TAMARA      | NGUYEN       | 356 Olomouc Manor                      |      26 |
|         230 | JOY         | GEORGE       | 1256 Bislig Boulevard                  |      86 |
|         231 | GEORGIA     | JACOBS       | 954 Kimchon Place                      |     559 |
|         232 | CONSTANCE   | REID         | 885 Yingkou Manor                      |     596 |
|         233 | LILLIE      | KIM          | 1736 Cavite Place                      |     216 |
|         234 | CLAUDIA     | FULLER       | 346 Skikda Parkway                     |     233 |
|         235 | JACKIE      | LYNCH        | 98 Stara Zagora Boulevard              |      96 |
|         236 | MARCIA      | DEAN         | 1479 Rustenburg Boulevard              |     527 |
|         237 | TANYA       | GILBERT      | 647 A Corua (La Corua) Street          |     357 |
|         238 | NELLIE      | GARRETT      | 1964 Gijn Manor                        |     473 |
|         239 | MINNIE      | ROMERO       | 47 Syktyvkar Lane                      |     118 |
|         240 | MARLENE     | WELCH        | 1148 Saarbrcken Parkway                |     226 |
|         241 | HEIDI       | LARSON       | 1103 Bilbays Parkway                   |     578 |
|         242 | GLENDA      | FRAZIER      | 1246 Boksburg Parkway                  |     422 |
|         243 | LYDIA       | BURKE        | 1483 Pathankot Street                  |     454 |
|         244 | VIOLA       | HANSON       | 582 Papeete Loop                       |     294 |
|         245 | COURTNEY    | DAY          | 300 Junan Street                       |     553 |
|         246 | MARIAN      | MENDOZA      | 829 Grand Prairie Way                  |     328 |
|         247 | STELLA      | MORENO       | 1473 Changhwa Parkway                  |     124 |
|         248 | CAROLINE    | BOWMAN       | 1309 Weifang Street                    |     520 |
|         249 | DORA        | MEDINA       | 1760 Oshawa Manor                      |     535 |
|         250 | JO          | FOWLER       | 786 Stara Zagora Way                   |     390 |
|         251 | VICKIE      | BREWER       | 1966 Tonghae Street                    |     198 |
|         252 | MATTIE      | HOFFMAN      | 1497 Yuzhou Drive                      |     312 |
|         253 | TERRY       | CARLSON      | 752 Ondo Loop                          |     338 |
|         254 | MAXINE      | SILVA        | 1338 Zalantun Lane                     |     413 |
|         255 | IRMA        | PEARSON      | 127 Iwakuni Boulevard                  |     192 |
|         256 | MABEL       | HOLLAND      | 51 Laredo Avenue                       |     342 |
|         257 | MARSHA      | DOUGLAS      | 771 Yaound Manor                       |      64 |
|         258 | MYRTLE      | FLEMING      | 532 Toulon Street                      |     460 |
|         259 | LENA        | JENSEN       | 1027 Banjul Place                      |     197 |
|         260 | CHRISTY     | VARGAS       | 1158 Mandi Bahauddin Parkway           |     136 |
|         261 | DEANNA      | BYRD         | 862 Xintai Lane                        |     548 |
|         262 | PATSY       | DAVIDSON     | 816 Cayenne Parkway                    |     414 |
|         263 | HILDA       | HOPKINS      | 1831 Nam Dinh Loop                     |     323 |
|         264 | GWENDOLYN   | MAY          | 446 Kirovo-Tepetsk Lane                |     203 |
|         265 | JENNIE      | TERRY        | 682 Halisahar Place                    |     378 |
|         266 | NORA        | HERRERA      | 1587 Loja Manor                        |     447 |
|         267 | MARGIE      | WADE         | 1762 Paarl Parkway                     |     298 |
|         268 | NINA        | SOTO         | 1519 Ilorin Place                      |     395 |
|         269 | CASSANDRA   | WALTERS      | 920 Kumbakonam Loop                    |     446 |
|         270 | LEAH        | CURTIS       | 906 Goinia Way                         |     255 |
|         271 | PENNY       | NEAL         | 1675 Xi´angfan Manor                   |     283 |
|         272 | KAY         | CALDWELL     | 85 San Felipe de Puerto Plata Drive    |     584 |
|         273 | PRISCILLA   | LOWE         | 144 South Hill Loop                    |     445 |
|         274 | NAOMI       | JENNINGS     | 1884 Shikarpur Avenue                  |     263 |
|         275 | CAROLE      | BARNETT      | 1980 Kamjanets-Podilskyi Street        |     404 |
|         276 | BRANDY      | GRAVES       | 1944 Bamenda Way                       |     573 |
|         277 | OLGA        | JIMENEZ      | 556 Baybay Manor                       |     374 |
|         278 | BILLIE      | HORTON       | 457 Tongliao Loop                      |     222 |
|         279 | DIANNE      | SHELTON      | 600 Bradford Street                    |     514 |
|         280 | TRACEY      | BARRETT      | 1006 Santa Brbara dOeste Manor         |     389 |
|         281 | LEONA       | OBRIEN       | 1308 Sumy Loop                         |     175 |
|         282 | JENNY       | CASTRO       | 1405 Chisinau Place                    |     411 |
|         283 | FELICIA     | SUTTON       | 226 Halifax Street                     |     277 |
|         284 | SONIA       | GREGORY      | 1279 Udine Parkway                     |      69 |
|         285 | MIRIAM      | MCKINNEY     | 1336 Benin City Drive                  |     386 |
|         286 | VELMA       | LUCAS        | 1155 Liaocheng Place                   |     152 |
|         287 | BECKY       | MILES        | 1993 Tabuk Lane                        |     522 |
|         288 | BOBBIE      | CRAIG        | 86 Higashiosaka Lane                   |     563 |
|         289 | VIOLET      | RODRIQUEZ    | 1912 Allende Manor                     |     279 |
|         290 | KRISTINA    | CHAMBERS     | 544 Tarsus Boulevard                   |     562 |
|         291 | TONI        | HOLT         | 1936 Cuman Avenue                      |     433 |
|         292 | MISTY       | LAMBERT      | 1192 Tongliao Street                   |     470 |
|         293 | MAE         | FLETCHER     | 44 Najafabad Way                       |     146 |
|         294 | SHELLY      | WATTS        | 32 Pudukkottai Lane                    |     140 |
|         295 | DAISY       | BATES        | 661 Chisinau Lane                      |     274 |
|         296 | RAMONA      | HALE         | 951 Stara Zagora Manor                 |     400 |
|         297 | SHERRI      | RHODES       | 922 Vila Velha Loop                    |       9 |
|         298 | ERIKA       | PENA         | 898 Jining Lane                        |     387 |
|         299 | JAMES       | GANNON       | 1635 Kuwana Boulevard                  |     205 |
|         300 | JOHN        | FARNSWORTH   | 41 El Alto Parkway                     |     398 |
|         301 | ROBERT      | BAUGHMAN     | 1883 Maikop Lane                       |     254 |
|         302 | MICHAEL     | SILVERMAN    | 1908 Gaziantep Place                   |     536 |
|         303 | WILLIAM     | SATTERFIELD  | 687 Alessandria Parkway                |     455 |
|         304 | DAVID       | ROYAL        | 827 Yuncheng Drive                     |      99 |
|         305 | RICHARD     | MCCRARY      | 913 Coacalco de Berriozbal Loop        |      33 |
|         306 | CHARLES     | KOWALSKI     | 715 So Bernardo do Campo Lane          |     507 |
|         307 | JOSEPH      | JOY          | 1354 Siegen Street                     |      25 |
|         308 | THOMAS      | GRIGSBY      | 1191 Sungai Petani Boulevard           |     262 |
|         309 | CHRISTOPHER | GRECO        | 1224 Huejutla de Reyes Boulevard       |      91 |
|         310 | DANIEL      | CABRAL       | 543 Bergamo Avenue                     |     215 |
|         311 | PAUL        | TROUT        | 746 Joliet Lane                        |     286 |
|         312 | MARK        | RINEHART     | 780 Kimberley Way                      |     515 |
|         313 | DONALD      | MAHON        | 1774 Yaound Place                      |     166 |
|         314 | GEORGE      | LINTON       | 1957 Yantai Lane                       |     490 |
|         315 | KENNETH     | GOODEN       | 1542 Lubumbashi Boulevard              |      57 |
|         316 | STEVEN      | CURLEY       | 651 Pathankot Loop                     |     336 |
|         317 | EDWARD      | BAUGH        | 1359 Zhoushan Parkway                  |     545 |
|         318 | BRIAN       | WYMAN        | 1769 Iwaki Lane                        |      97 |
|         319 | RONALD      | WEINER       | 1145 Vilnius Manor                     |     451 |
|         320 | ANTHONY     | SCHWAB       | 1892 Nabereznyje Telny Lane            |     516 |
|         321 | KEVIN       | SCHULER      | 470 Boksburg Street                    |      81 |
|         322 | JASON       | MORRISSEY    | 1427 A Corua (La Corua) Place          |      45 |
|         323 | MATTHEW     | MAHAN        | 479 San Felipe del Progreso Avenue     |     130 |
|         324 | GARY        | COY          | 867 Benin City Avenue                  |     591 |
|         325 | TIMOTHY     | BUNN         | 981 Kumbakonam Place                   |      89 |
|         326 | JOSE        | ANDREW       | 1016 Iwakuni Street                    |     269 |
|         327 | LARRY       | THRASHER     | 663 Baha Blanca Parkway                |       5 |
|         328 | JEFFREY     | SPEAR        | 1860 Taguig Loop                       |     119 |
|         329 | FRANK       | WAGGONER     | 1816 Bydgoszcz Loop                    |     234 |
|         330 | SCOTT       | SHELLEY      | 587 Benguela Manor                     |      42 |
|         331 | ERIC        | ROBERT       | 430 Kumbakonam Drive                   |     457 |
|         332 | STEPHEN     | QUALLS       | 1838 Tabriz Lane                       |     143 |
|         333 | ANDREW      | PURDY        | 431 Szkesfehrvr Avenue                 |      48 |
|         334 | RAYMOND     | MCWHORTER    | 503 Sogamoso Loop                      |     505 |
|         335 | GREGORY     | MAULDIN      | 507 Smolensk Loop                      |     492 |
|         336 | JOSHUA      | MARK         | 1920 Weifang Avenue                    |     427 |
|         337 | JERRY       | JORDON       | 124 al-Manama Way                      |     382 |
|         338 | DENNIS      | GILMAN       | 1443 Mardan Street                     |     392 |
|         339 | WALTER      | PERRYMAN     | 1909 Benguela Lane                     |     581 |
|         340 | PATRICK     | NEWSOM       | 68 Ponce Parkway                       |     201 |
|         341 | PETER       | MENARD       | 1217 Konotop Avenue                    |     151 |
|         342 | HAROLD      | MARTINO      | 1293 Nam Dinh Way                      |      84 |
|         343 | DOUGLAS     | GRAF         | 785 Vaduz Street                       |     335 |
|         344 | HENRY       | BILLINGSLEY  | 1516 Escobar Drive                     |     370 |
|         345 | CARL        | ARTIS        | 1628 Nagareyama Lane                   |     453 |
|         346 | ARTHUR      | SIMPKINS     | 1157 Nyeri Loop                        |     320 |
|         347 | RYAN        | SALISBURY    | 1673 Tangail Drive                     |     137 |
|         348 | ROGER       | QUINTANILLA  | 381 Kabul Way                          |     209 |
|         349 | JOE         | GILLILAND    | 953 Hodeida Street                     |     221 |
|         350 | JUAN        | FRALEY       | 469 Nakhon Sawan Street                |     531 |
|         351 | JACK        | FOUST        | 1378 Beira Loop                        |     597 |
|         352 | ALBERT      | CROUSE       | 1641 Changhwa Place                    |      52 |
|         353 | JONATHAN    | SCARBOROUGH  | 1698 Southport Loop                    |     393 |
|         354 | JUSTIN      | NGO          | 519 Nyeri Manor                        |     461 |
|         355 | TERRY       | GRISSOM      | 619 Hunuco Avenue                      |     331 |
|         356 | GERALD      | FULTZ        | 45 Aparecida de Goinia Place           |     464 |
|         357 | KEITH       | RICO         | 482 Kowloon and New Kowloon Manor      |      90 |
|         358 | SAMUEL      | MARLOW       | 604 Bern Place                         |     429 |
|         359 | WILLIE      | MARKHAM      | 1623 Kingstown Drive                   |      20 |
|         360 | RALPH       | MADRIGAL     | 1009 Zanzibar Lane                     |      32 |
|         361 | LAWRENCE    | LAWTON       | 114 Jalib al-Shuyukh Manor             |     585 |
|         362 | NICHOLAS    | BARFIELD     | 1163 London Parkway                    |      66 |
|         363 | ROY         | WHITING      | 1658 Jastrzebie-Zdrj Loop              |     372 |
|         364 | BENJAMIN    | VARNEY       | 817 Laredo Avenue                      |     188 |
|         365 | BRUCE       | SCHWARZ      | 1565 Tangail Manor                     |     377 |
|         366 | BRANDON     | HUEY         | 1912 Emeishan Drive                    |      50 |
|         367 | ADAM        | GOOCH        | 230 Urawa Drive                        |       8 |
|         368 | HARRY       | ARCE         | 1922 Miraj Way                         |     356 |
|         369 | FRED        | WHEAT        | 433 Florencia Street                   |     250 |
|         370 | WAYNE       | TRUONG       | 1049 Matamoros Parkway                 |     191 |
|         371 | BILLY       | POULIN       | 1061 Ede Avenue                        |      98 |
|         372 | STEVE       | MACKENZIE    | 154 Oshawa Manor                       |     415 |
|         373 | LOUIS       | LEONE        | 1191 Tandil Drive                      |     523 |
|         374 | JEREMY      | HURTADO      | 1133 Rizhao Avenue                     |     572 |
|         375 | AARON       | SELBY        | 1519 Santiago de los Caballeros Loop   |     348 |
|         376 | RANDY       | GAITHER      | 1618 Olomouc Manor                     |     285 |
|         377 | HOWARD      | FORTNER      | 220 Hidalgo Drive                      |     265 |
|         378 | EUGENE      | CULPEPPER    | 686 Donostia-San Sebastin Lane         |     471 |
|         379 | CARLOS      | COUGHLIN     | 97 Mogiljov Lane                       |      73 |
|         380 | RUSSELL     | BRINSON      | 1642 Charlotte Amalie Drive            |     549 |
|         381 | BOBBY       | BOUDREAU     | 1368 Maracabo Boulevard                |     493 |
|         382 | VICTOR      | BARKLEY      | 401 Sucre Boulevard                    |     322 |
|         383 | MARTIN      | BALES        | 368 Hunuco Boulevard                   |     360 |
|         384 | ERNEST      | STEPP        | 500 Lincoln Parkway                    |     210 |
|         385 | PHILLIP     | HOLM         | 102 Chapra Drive                       |     521 |
|         386 | TODD        | TAN          | 1793 Meixian Place                     |     258 |
|         387 | JESSE       | SCHILLING    | 514 Ife Way                            |     315 |
|         388 | CRAIG       | MORRELL      | 717 Changzhou Lane                     |     104 |
|         389 | ALAN        | KAHN         | 753 Ilorin Avenue                      |     157 |
|         390 | SHAWN       | HEATON       | 1337 Mit Ghamr Avenue                  |     358 |
|         391 | CLARENCE    | GAMEZ        | 767 Pyongyang Drive                    |     229 |
|         392 | SEAN        | DOUGLASS     | 614 Pak Kret Street                    |       6 |
|         393 | PHILIP      | CAUSEY       | 954 Lapu-Lapu Way                      |     278 |
|         394 | CHRIS       | BROTHERS     | 331 Bydgoszcz Parkway                  |     181 |
|         395 | JOHNNY      | TURPIN       | 1152 Citrus Heights Manor              |      15 |
|         396 | EARL        | SHANKS       | 168 Cianjur Manor                      |     228 |
|         397 | JIMMY       | SCHRADER     | 616 Hagonoy Avenue                     |      39 |
|         398 | ANTONIO     | MEEK         | 1190 0 Place                           |      44 |
|         399 | DANNY       | ISOM         | 734 Bchar Place                        |     375 |
|         400 | BRYAN       | HARDISON     | 530 Lausanne Lane                      |     135 |
|         401 | TONY        | CARRANZA     | 454 Patiala Lane                       |     276 |
|         402 | LUIS        | YANEZ        | 1346 Mysore Drive                      |      92 |
|         403 | MIKE        | WAY          | 990 Etawah Loop                        |     564 |
|         404 | STANLEY     | SCROGGINS    | 1266 Laredo Parkway                    |     380 |
|         405 | LEONARD     | SCHOFIELD    | 88 Nagaon Manor                        |     524 |
|         406 | NATHAN      | RUNYON       | 264 Bhimavaram Manor                   |     111 |
|         407 | DALE        | RATCLIFF     | 1639 Saarbrcken Drive                  |     437 |
|         408 | MANUEL      | MURRELL      | 692 Amroha Drive                       |     230 |
|         409 | RODNEY      | MOELLER      | 1936 Lapu-Lapu Parkway                 |     141 |
|         410 | CURTIS      | IRBY         | 432 Garden Grove Street                |     430 |
|         411 | NORMAN      | CURRIER      | 1445 Carmen Parkway                    |     117 |
|         412 | ALLEN       | BUTTERFIELD  | 791 Salinas Street                     |     208 |
|         413 | MARVIN      | YEE          | 126 Acua Parkway                       |      71 |
|         414 | VINCENT     | RALSTON      | 397 Sunnyvale Avenue                   |      19 |
|         415 | GLENN       | PULLEN       | 992 Klerksdorp Loop                    |      23 |
|         416 | JEFFERY     | PINSON       | 966 Arecibo Loop                       |     134 |
|         417 | TRAVIS      | ESTEP        | 289 Santo Andr Manor                   |      16 |
|         418 | JEFF        | EAST         | 437 Chungho Drive                      |     450 |
|         419 | CHAD        | CARBONE      | 1948 Bayugan Parkway                   |     264 |
|         420 | JACOB       | LANCE        | 1866 al-Qatif Avenue                   |     155 |
|         421 | LEE         | HAWKS        | 1661 Abha Drive                        |     416 |
|         422 | MELVIN      | ELLINGTON    | 1557 Cape Coral Parkway                |     293 |
|         423 | ALFRED      | CASILLAS     | 1727 Matamoros Place                   |     465 |
|         424 | KYLE        | SPURLOCK     | 1269 Botosani Manor                    |     468 |
|         425 | FRANCIS     | SIKES        | 355 Vitria de Santo Anto Way           |     452 |
|         426 | BRADLEY     | MOTLEY       | 1596 Acua Parkway                      |     418 |
|         427 | JESUS       | MCCARTNEY    | 259 Ipoh Drive                         |     189 |
|         428 | HERBERT     | KRUGER       | 1823 Hoshiarpur Lane                   |     510 |
|         429 | FREDERICK   | ISBELL       | 1404 Taguig Drive                      |     547 |
|         430 | RAY         | HOULE        | 740 Udaipur Lane                       |     150 |
|         431 | JOEL        | FRANCISCO    | 287 Cuautla Boulevard                  |     501 |
|         432 | EDWIN       | BURK         | 1766 Almirante Brown Street            |     364 |
|         433 | DON         | BONE         | 596 Huixquilucan Place                 |     351 |
|         434 | EDDIE       | TOMLIN       | 1351 Aparecida de Goinia Parkway       |     391 |
|         435 | RICKY       | SHELBY       | 722 Bradford Lane                      |     249 |
|         436 | TROY        | QUIGLEY      | 983 Santa F Way                        |     565 |
|         437 | RANDALL     | NEUMANN      | 1245 Ibirit Way                        |     290 |
|         438 | BARRY       | LOVELACE     | 1836 Korla Parkway                     |     272 |
|         439 | ALEXANDER   | FENNELL      | 231 Kaliningrad Place                  |      70 |
|         440 | BERNARD     | COLBY        | 495 Bhimavaram Lane                    |     144 |
|         441 | MARIO       | CHEATHAM     | 1924 Shimonoseki Drive                 |      59 |
|         442 | LEROY       | BUSTAMANTE   | 105 Dzerzinsk Manor                    |     540 |
|         443 | FRANCISCO   | SKIDMORE     | 614 Denizli Parkway                    |     486 |
|         444 | MARCUS      | HIDALGO      | 1289 Belm Boulevard                    |     530 |
|         445 | MICHEAL     | FORMAN       | 203 Tambaram Street                    |     161 |
|         446 | THEODORE    | CULP         | 1704 Tambaram Manor                    |     554 |
|         447 | CLIFFORD    | BOWENS       | 207 Cuernavaca Loop                    |     352 |
|         448 | MIGUEL      | BETANCOURT   | 319 Springs Loop                       |     160 |
|         449 | OSCAR       | AQUINO       | 956 Nam Dinh Manor                     |     481 |
|         450 | JAY         | ROBB         | 1947 Paarl Way                         |     509 |
|         451 | JIM         | REA          | 814 Simferopol Loop                    |     154 |
|         452 | TOM         | MILNER       | 535 Ahmadnagar Manor                   |       3 |
|         453 | CALVIN      | MARTEL       | 138 Caracas Boulevard                  |     326 |
|         454 | ALEX        | GRESHAM      | 251 Florencia Drive                    |     556 |
|         455 | JON         | WILES        | 659 Gatineau Boulevard                 |     153 |
|         456 | RONNIE      | RICKETTS     | 1889 Valparai Way                      |     600 |
|         457 | BILL        | GAVIN        | 1485 Bratislava Place                  |     435 |
|         458 | LLOYD       | DOWD         | 935 Aden Boulevard                     |     532 |
|         459 | TOMMY       | COLLAZO      | 76 Kermanshah Manor                    |     423 |
|         460 | LEON        | BOSTIC       | 734 Tanshui Avenue                     |     170 |
|         461 | DEREK       | BLAKELY      | 118 Jaffna Loop                        |     182 |
|         462 | WARREN      | SHERROD      | 1621 Tongliao Avenue                   |     558 |
|         463 | DARRELL     | POWER        | 1844 Usak Avenue                       |     196 |
|         464 | JEROME      | KENYON       | 1872 Toulon Loop                       |     428 |
|         465 | FLOYD       | GANDY        | 1088 Ibirit Place                      |     595 |
|         466 | LEO         | EBERT        | 1322 Mosul Parkway                     |     145 |
|         467 | ALVIN       | DELOACH      | 1447 Chatsworth Place                  |     129 |
|         468 | TIM         | CARY         | 1257 Guadalajara Street                |      78 |
|         469 | WESLEY      | BULL         | 1469 Plock Lane                        |     388 |
|         470 | GORDON      | ALLARD       | 434 Ourense (Orense) Manor             |     206 |
|         471 | DEAN        | SAUER        | 270 Tambaram Parkway                   |     244 |
|         472 | GREG        | ROBINS       | 1786 Salinas Place                     |     359 |
|         473 | JORGE       | OLIVARES     | 1078 Stara Zagora Drive                |     301 |
|         474 | DUSTIN      | GILLETTE     | 1854 Okara Boulevard                   |     158 |
|         475 | PEDRO       | CHESTNUT     | 421 Yaound Street                      |     385 |
|         476 | DERRICK     | BOURQUE      | 1153 Allende Way                       |     179 |
|         477 | DAN         | PAINE        | 808 Naala-Porto Parkway                |     500 |
|         478 | LEWIS       | LYMAN        | 632 Usolje-Sibirskoje Parkway          |      36 |
|         479 | ZACHARY     | HITE         | 98 Pyongyang Boulevard                 |      11 |
|         480 | COREY       | HAUSER       | 984 Novoterkassk Loop                  |     180 |
|         481 | HERMAN      | DEVORE       | 64 Korla Street                        |     347 |
|         482 | MAURICE     | CRAWLEY      | 1785 So Bernardo do Campo Street       |     125 |
|         483 | VERNON      | CHAPA        | 698 Jelets Boulevard                   |     142 |
|         484 | ROBERTO     | VU           | 1297 Alvorada Parkway                  |     587 |
|         485 | CLYDE       | TOBIAS       | 1909 Dayton Avenue                     |     469 |
|         486 | GLEN        | TALBERT      | 1789 Saint-Denis Parkway               |       4 |
|         487 | HECTOR      | POINDEXTER   | 185 Mannheim Lane                      |     408 |
|         488 | SHANE       | MILLARD      | 184 Mandaluyong Street                 |     288 |
|         489 | RICARDO     | MEADOR       | 591 Sungai Petani Drive                |     376 |
|         490 | SAM         | MCDUFFIE     | 656 Matamoros Drive                    |     487 |
|         491 | RICK        | MATTOX       | 775 ostka Drive                        |     337 |
|         492 | LESTER      | KRAUS        | 1013 Tabuk Boulevard                   |     261 |
|         493 | BRENT       | HARKINS      | 319 Plock Parkway                      |     504 |
|         494 | RAMON       | CHOATE       | 1954 Kowloon and New Kowloon Way       |     434 |
|         495 | CHARLIE     | BESS         | 362 Rajkot Lane                        |      47 |
|         496 | TYLER       | WREN         | 1060 Tandil Lane                       |     432 |
|         497 | GILBERT     | SLEDGE       | 1515 Korla Way                         |     589 |
|         498 | GENE        | SANBORN      | 1416 San Juan Bautista Tuxtepec Avenue |     444 |
|         499 | MARC        | OUTLAW       | 1 Valle de Santiago Avenue             |      93 |
|         500 | REGINALD    | KINDER       | 519 Brescia Parkway                    |     318 |
|         501 | RUBEN       | GEARY        | 414 Mandaluyong Street                 |     314 |
|         502 | BRETT       | CORNWELL     | 1197 Sokoto Boulevard                  |     478 |
|         503 | ANGEL       | BARCLAY      | 496 Celaya Drive                       |     552 |
|         504 | NATHANIEL   | ADAM         | 786 Matsue Way                         |     245 |
|         505 | RAFAEL      | ABNEY        | 48 Maracabo Place                      |     519 |
|         506 | LESLIE      | SEWARD       | 1152 al-Qatif Lane                     |     412 |
|         507 | EDGAR       | RHOADS       | 1269 Ipoh Avenue                       |     163 |
|         508 | MILTON      | HOWLAND      | 758 Korolev Parkway                    |     568 |
|         509 | RAUL        | FORTIER      | 1747 Rustenburg Place                  |     110 |
|         510 | BEN         | EASTER       | 886 Tonghae Place                      |     259 |
|         511 | CHESTER     | BENNER       | 1574 Goinia Boulevard                  |     502 |
|         512 | CECIL       | VINES        | 548 Uruapan Street                     |     312 |
|         513 | DUANE       | TUBBS        | 962 Tama Loop                          |     583 |
|         514 | FRANKLIN    | TROUTMAN     | 1778 Gijn Manor                        |     594 |
|         515 | ANDRE       | RAPP         | 568 Dhule (Dhulia) Loop                |     127 |
|         516 | ELMER       | NOE          | 1768 Udine Loop                        |      60 |
|         517 | BRAD        | MCCURDY      | 608 Birgunj Parkway                    |     116 |
|         518 | GABRIEL     | HARDER       | 680 A Corua (La Corua) Manor           |     482 |
|         519 | RON         | DELUCA       | 1949 Sanya Street                      |     224 |
|         520 | MITCHELL    | WESTMORELAND | 617 Klerksdorp Place                   |     366 |
|         521 | ROLAND      | SOUTH        | 1993 0 Loop                            |     588 |
|         522 | ARNOLD      | HAVENS       | 1176 Southend-on-Sea Manor             |     458 |
|         523 | HARVEY      | GUAJARDO     | 600 Purnea (Purnia) Avenue             |     571 |
|         524 | JARED       | ELY          | 1003 Qinhuangdao Street                |     419 |
|         525 | ADRIAN      | CLARY        | 1986 Sivas Place                       |     551 |
|         526 | KARL        | SEAL         | 1427 Tabuk Place                       |     101 |
|         527 | CORY        | MEEHAN       | 556 Asuncin Way                        |     339 |
|         528 | CLAUDE      | HERZOG       | 486 Ondo Parkway                       |      67 |
|         529 | ERIK        | GUILLEN      | 635 Brest Manor                        |      75 |
|         530 | DARRYL      | ASHCRAFT     | 166 Jinchang Street                    |     165 |
|         531 | JAMIE       | WAUGH        | 958 Sagamihara Lane                    |     287 |
|         532 | NEIL        | RENNER       | 1817 Livorno Way                       |     100 |
|         533 | JESSIE      | MILAM        | 1332 Gaziantep Lane                    |      80 |
|         534 | CHRISTIAN   | JUNG         | 949 Allende Lane                       |      24 |
|         535 | JAVIER      | ELROD        | 195 Ilorin Street                      |     363 |
|         536 | FERNANDO    | CHURCHILL    | 193 Bhusawal Place                     |     539 |
|         537 | CLINTON     | BUFORD       | 43 Vilnius Manor                       |      42 |
|         538 | TED         | BREAUX       | 183 Haiphong Street                    |      46 |
|         539 | MATHEW      | BOLIN        | 163 Augusta-Richmond County Loop       |     561 |
|         540 | TYRONE      | ASHER        | 191 Jos Azueta Parkway                 |     436 |
|         541 | DARREN      | WINDHAM      | 379 Lublin Parkway                     |     309 |
|         542 | LONNIE      | TIRADO       | 1658 Cuman Loop                        |     396 |
|         543 | LANCE       | PEMBERTON    | 454 Qinhuangdao Drive                  |      68 |
|         544 | CODY        | NOLEN        | 1715 Okayama Street                    |     485 |
|         545 | JULIO       | NOLAND       | 182 Nuku´alofa Drive                   |     275 |
|         546 | KELLY       | KNOTT        | 390 Wroclaw Way                        |     462 |
|         547 | KURT        | EMMONS       | 1421 Quilmes Lane                      |     260 |
|         548 | ALLAN       | CORNISH      | 947 Trshavn Place                      |     528 |
|         549 | NELSON      | CHRISTENSON  | 1764 Jalib al-Shuyukh Parkway          |     459 |
|         550 | GUY         | BROWNLEE     | 346 Cam Ranh Avenue                    |     599 |
|         551 | CLAYTON     | BARBEE       | 1407 Pachuca de Soto Place             |      21 |
|         552 | HUGH        | WALDROP      | 904 Clarksville Drive                  |     193 |
|         553 | MAX         | PITT         | 1917 Kumbakonam Parkway                |     368 |
|         554 | DWAYNE      | OLVERA       | 1447 Imus Place                        |     426 |
|         555 | DWIGHT      | LOMBARDI     | 1497 Fengshan Drive                    |     112 |
|         556 | ARMANDO     | GRUBER       | 869 Shikarpur Way                      |     496 |
|         557 | FELIX       | GAFFNEY      | 1059 Yuncheng Avenue                   |     570 |
|         558 | JIMMIE      | EGGLESTON    | 505 Madiun Boulevard                   |     577 |
|         559 | EVERETT     | BANDA        | 1741 Hoshiarpur Boulevard              |      79 |
|         560 | JORDAN      | ARCHULETA    | 1229 Varanasi (Benares) Manor          |      43 |
|         561 | IAN         | STILL        | 1894 Boa Vista Way                     |     178 |
|         562 | WALLACE     | SLONE        | 1342 Sharja Way                        |     488 |
|         563 | KEN         | PREWITT      | 1342 Abha Boulevard                    |      95 |
|         564 | BOB         | PFEIFFER     | 415 Pune Avenue                        |     580 |
|         565 | JAIME       | NETTLES      | 1746 Faaa Way                          |     214 |
|         566 | CASEY       | MENA         | 539 Hami Way                           |     538 |
|         567 | ALFREDO     | MCADAMS      | 1407 Surakarta Manor                   |     466 |
|         568 | ALBERTO     | HENNING      | 502 Mandi Bahauddin Parkway            |      55 |
|         569 | DAVE        | GARDINER     | 1052 Pathankot Avenue                  |     299 |
|         570 | IVAN        | CROMWELL     | 1351 Sousse Lane                       |     341 |
|         571 | JOHNNIE     | CHISHOLM     | 1501 Pangkal Pinang Avenue             |     409 |
|         572 | SIDNEY      | BURLESON     | 1405 Hagonoy Avenue                    |     133 |
|         573 | BYRON       | BOX          | 521 San Juan Bautista Tuxtepec Place   |     598 |
|         574 | JULIAN      | VEST         | 923 Tangail Boulevard                  |      10 |
|         575 | ISAAC       | OGLESBY      | 186 Skikda Lane                        |     131 |
|         576 | MORRIS      | MCCARTER     | 1568 Celaya Parkway                    |     168 |
|         577 | CLIFTON     | MALCOLM      | 1489 Kakamigahara Lane                 |     526 |
|         578 | WILLARD     | LUMPKIN      | 1819 Alessandria Loop                  |     103 |
|         579 | DARYL       | LARUE        | 1208 Tama Loop                         |     344 |
|         580 | ROSS        | GREY         | 951 Springs Lane                       |     219 |
|         581 | VIRGIL      | WOFFORD      | 760 Miyakonojo Drive                   |     246 |
|         582 | ANDY        | VANHORN      | 966 Asuncin Way                        |     212 |
|         583 | MARSHALL    | THORN        | 1584 Ljubertsy Lane                    |     494 |
|         584 | SALVADOR    | TEEL         | 247 Jining Parkway                     |      54 |
|         585 | PERRY       | SWAFFORD     | 773 Dallas Manor                       |     424 |
|         586 | KIRK        | STCLAIR      | 1923 Stara Zagora Lane                 |     546 |
|         587 | SERGIO      | STANFIELD    | 1402 Zanzibar Boulevard                |     106 |
|         588 | MARION      | OCAMPO       | 1464 Kursk Parkway                     |     574 |
|         589 | TRACY       | HERRMANN     | 1074 Sanaa Parkway                     |     311 |
|         590 | SETH        | HANNON       | 1759 Niznekamsk Avenue                 |      14 |
|         591 | KENT        | ARSENAULT    | 32 Liaocheng Way                       |     248 |
|         592 | TERRANCE    | ROUSH        | 42 Fontana Avenue                      |     512 |
|         593 | RENE        | MCALISTER    | 1895 Zhezqazghan Drive                 |     177 |
|         594 | EDUARDO     | HIATT        | 1837 Kaduna Parkway                    |     241 |
|         595 | TERRENCE    | GUNDERSON    | 844 Bucuresti Place                    |     242 |
|         596 | ENRIQUE     | FORSYTHE     | 1101 Bucuresti Boulevard               |     401 |
|         597 | FREDDIE     | DUGGAN       | 1103 Quilmes Boulevard                 |     503 |
|         598 | WADE        | DELVALLE     | 1331 Usak Boulevard                    |     296 |
|         599 | AUSTIN      | CINTRON      | 1325 Fukuyama Street                   |     537 |
+-------------+-------------+--------------+----------------------------------------+---------+
599 rows in set (0.0048 sec)
 MySQL  localhost:33060+ ssl  sakila  SQL > select a.customer_id, a.first_name,a.last_name, b.address, c.city from customer a inner join address b on a.address_id = b.address_id inner join city c on b.city_id = c.city_id order by a.last_name, a.first_name;
+-------------+-------------+--------------+----------------------------------------+----------------------------+
| customer_id | first_name  | last_name    | address                                | city                       |
+-------------+-------------+--------------+----------------------------------------+----------------------------+
|         505 | RAFAEL      | ABNEY        | 48 Maracabo Place                      | Talavera                   |
|         504 | NATHANIEL   | ADAM         | 786 Matsue Way                         | Joliet                     |
|          36 | KATHLEEN    | ADAMS        | 334 Munger (Monghyr) Lane              | Arak                       |
|          96 | DIANA       | ALEXANDER    | 1308 Arecibo Way                       | Augusta-Richmond County    |
|         470 | GORDON      | ALLARD       | 434 Ourense (Orense) Manor             | Hodeida                    |
|          27 | SHIRLEY     | ALLEN        | 217 Botshabelo Place                   | Davao                      |
|         220 | CHARLENE    | ALVAREZ      | 1842 Luzinia Boulevard                 | Zanzibar                   |
|          11 | LISA        | ANDERSON     | 1542 Tarlac Parkway                    | Sagamihara                 |
|         326 | JOSE        | ANDREW       | 1016 Iwakuni Street                    | Kingstown                  |
|         183 | IDA         | ANDREWS      | 1839 Szkesfehrvr Parkway               | Luziânia                   |
|         449 | OSCAR       | AQUINO       | 956 Nam Dinh Manor                     | Sirjan                     |
|         368 | HARRY       | ARCE         | 1922 Miraj Way                         | Najafabad                  |
|         560 | JORDAN      | ARCHULETA    | 1229 Varanasi (Benares) Manor          | Avellaneda                 |
|         188 | MELANIE     | ARMSTRONG    | 1166 Changhwa Street                   | Bayugan                    |
|         170 | BEATRICE    | ARNOLD       | 1877 Ezhou Lane                        | Udaipur                    |
|         591 | KENT        | ARSENAULT    | 32 Liaocheng Way                       | Juiz de Fora               |
|         345 | CARL        | ARTIS        | 1628 Nagareyama Lane                   | San Lorenzo                |
|         530 | DARRYL      | ASHCRAFT     | 166 Jinchang Street                    | Ezeiza                     |
|         540 | TYRONE      | ASHER        | 191 Jos Azueta Parkway                 | Ruse                       |
|         196 | ALMA        | AUSTIN       | 1074 Binzhou Manor                     | Mannheim                   |
|          60 | MILDRED     | BAILEY       | 81 Hodeida Way                         | Jaipur                     |
|          37 | PAMELA      | BAKER        | 1440 Fukuyama Loop                     | Nanyang                    |
|         383 | MARTIN      | BALES        | 368 Hunuco Boulevard                   | Namibe                     |
|         559 | EVERETT     | BANDA        | 1741 Hoshiarpur Boulevard              | Bilbays                    |
|         215 | JESSIE      | BANKS        | 1229 Valencia Parkway                  | Stara Zagora               |
|         551 | CLAYTON     | BARBEE       | 1407 Pachuca de Soto Place             | Alvorada                   |
|         503 | ANGEL       | BARCLAY      | 496 Celaya Drive                       | Ueda                       |
|         362 | NICHOLAS    | BARFIELD     | 1163 London Parkway                    | Belém                      |
|         382 | VICTOR      | BARKLEY      | 401 Sucre Boulevard                    | Manchester                 |
|          79 | RACHEL      | BARNES       | 586 Tete Way                           | Kamakura                   |
|         275 | CAROLE      | BARNETT      | 1980 Kamjanets-Podilskyi Street        | Peoria                     |
|         280 | TRACEY      | BARRETT      | 1006 Santa Brbara dOeste Manor         | Owo                        |
|         295 | DAISY       | BATES        | 661 Chisinau Lane                      | Kolpino                    |
|         317 | EDWARD      | BAUGH        | 1359 Zhoushan Parkway                  | Tórshavn                   |
|         301 | ROBERT      | BAUGHMAN     | 1883 Maikop Lane                       | Kaliningrad                |
|          58 | JEAN        | BELL         | 1114 Liepaja Street                    | Kuching                    |
|         511 | CHESTER     | BENNER       | 1574 Goinia Boulevard                  | Suihua                     |
|          77 | JANE        | BENNETT      | 1692 Ede Loop                          | Araçatuba                  |
|         168 | REGINA      | BERRY        | 475 Atinsk Way                         | Jinchang                   |
|         495 | CHARLIE     | BESS         | 362 Rajkot Lane                        | Baiyin                     |
|         448 | MIGUEL      | BETANCOURT   | 319 Springs Loop                       | Erlangen                   |
|         344 | HENRY       | BILLINGSLEY  | 1516 Escobar Drive                     | Nuku´alofa                 |
|         217 | AGNES       | BISHOP       | 866 Shivapuri Manor                    | Sambhal                    |
|         149 | VALERIE     | BLACK        | 782 Mosul Street                       | Brockton                   |
|         461 | DEREK       | BLAKELY      | 118 Jaffna Loop                        | Gingoog                    |
|         539 | MATHEW      | BOLIN        | 163 Augusta-Richmond County Loop       | Valencia                   |
|         433 | DON         | BONE         | 596 Huixquilucan Place                 | Naçala-Porto               |
|         460 | LEON        | BOSTIC       | 734 Tanshui Avenue                     | Florencia                  |
|         381 | BOBBY       | BOUDREAU     | 1368 Maracabo Boulevard                | South Hill                 |
|         476 | DERRICK     | BOURQUE      | 1153 Allende Way                       | Gatineau                   |
|         447 | CLIFFORD    | BOWENS       | 207 Cuernavaca Loop                    | Nabereznyje Tšelny         |
|         248 | CAROLINE    | BOWMAN       | 1309 Weifang Street                    | Tallahassee                |
|         573 | BYRON       | BOX          | 521 San Juan Bautista Tuxtepec Place   | Zhezqazghan                |
|         134 | EMMA        | BOYD         | 765 Southampton Drive                  | Qalyub                     |
|         181 | ANA         | BRADLEY      | 682 Garden Grove Place                 | Memphis                    |
|         538 | TED         | BREAUX       | 183 Haiphong Street                    | Baicheng                   |
|         251 | VICKIE      | BREWER       | 1966 Tonghae Street                    | Halle/Saale                |
|         380 | RUSSELL     | BRINSON      | 1642 Charlotte Amalie Drive            | Tychy                      |
|          73 | BEVERLY     | BROOKS       | 1947 Poos de Caldas Boulevard          | Chiayi                     |
|         394 | CHRIS       | BROTHERS     | 331 Bydgoszcz Parkway                  | Gijón                      |
|           5 | ELIZABETH   | BROWN        | 53 Idfu Parkway                        | Nantou                     |
|         550 | GUY         | BROWNLEE     | 346 Cam Ranh Avenue                    | Zhoushan                   |
|          95 | PAULA       | BRYANT       | 1697 Tanauan Lane                      | Pathankot                  |
|         537 | CLINTON     | BUFORD       | 43 Vilnius Manor                       | Aurora                     |
|         469 | WESLEY      | BULL         | 1469 Plock Lane                        | Ourense (Orense)           |
|         325 | TIMOTHY     | BUNN         | 981 Kumbakonam Place                   | Brasília                   |
|         432 | EDWIN       | BURK         | 1766 Almirante Brown Street            | Newcastle                  |
|         243 | LYDIA       | BURKE        | 1483 Pathankot Street                  | San Miguel de Tucumán      |
|         572 | SIDNEY      | BURLESON     | 1405 Hagonoy Avenue                    | Czestochowa                |
|         142 | APRIL       | BURNS        | 483 Ljubertsy Parkway                  | Dundee                     |
|         227 | COLLEEN     | BURTON       | 430 Alessandria Loop                   | Saarbrücken                |
|         442 | LEROY       | BUSTAMANTE   | 105 Dzerzinsk Manor                    | Tongliao                   |
|          91 | LOIS        | BUTLER       | 1370 Le Mans Avenue                    | Bandar Seri Begawan        |
|         412 | ALLEN       | BUTTERFIELD  | 791 Salinas Street                     | Hoshiarpur                 |
|         261 | DEANNA      | BYRD         | 862 Xintai Lane                        | Tuguegarao                 |
|         310 | DANIEL      | CABRAL       | 543 Bergamo Avenue                     | Ibirité                    |
|         272 | KAY         | CALDWELL     | 85 San Felipe de Puerto Plata Drive    | Yantai                     |
|          46 | CATHERINE   | CAMPBELL     | 46 Pjatigorsk Lane                     | Moscow                     |
|         419 | CHAD        | CARBONE      | 1948 Bayugan Parkway                   | Katihar                    |
|         253 | TERRY       | CARLSON      | 752 Ondo Loop                          | Miyakonojo                 |
|         189 | LORETTA     | CARPENTER    | 891 Novi Sad Manor                     | Oshawa                     |
|         205 | EILEEN      | CARR         | 1679 Antofagasta Street                | Ciudad del Este            |
|         401 | TONY        | CARRANZA     | 454 Patiala Lane                       | Koriyama                   |
|         176 | JUNE        | CARROLL      | 757 Rustenburg Avenue                  | Skikda                     |
|          40 | AMANDA      | CARTER       | 671 Graz Street                        | Nador                      |
|         468 | TIM         | CARY         | 1257 Guadalajara Street                | Bijapur                    |
|         423 | ALFRED      | CASILLAS     | 1727 Matamoros Place                   | Sawhaj                     |
|         207 | GERTRUDE    | CASTILLO     | 850 Salala Loop                        | Nuuk                       |
|         282 | JENNY       | CASTRO       | 1405 Chisinau Place                    | Ponce                      |
|         393 | PHILIP      | CAUSEY       | 954 Lapu-Lapu Way                      | Korolev                    |
|         290 | KRISTINA    | CHAMBERS     | 544 Tarsus Boulevard                   | Valle de la Pascua         |
|         483 | VERNON      | CHAPA        | 698 Jelets Boulevard                   | Denizli                    |
|         209 | TONYA       | CHAPMAN      | 43 Dadu Avenue                         | Bhilwara                   |
|         194 | KRISTEN     | CHAVEZ       | 345 Oshawa Boulevard                   | Hino                       |
|         441 | MARIO       | CHEATHAM     | 1924 Shimonoseki Drive                 | Batna                      |
|         475 | PEDRO       | CHESTNUT     | 421 Yaound Street                      | Šostka                     |
|         571 | JOHNNIE     | CHISHOLM     | 1501 Pangkal Pinang Avenue             | Plock                      |
|         494 | RAMON       | CHOATE       | 1954 Kowloon and New Kowloon Way       | Ríobamba                   |
|         549 | NELSON      | CHRISTENSON  | 1764 Jalib al-Shuyukh Parkway          | Santiago de Compostela     |
|         536 | FERNANDO    | CHURCHILL    | 193 Bhusawal Place                     | Tonghae                    |
|         599 | AUSTIN      | CINTRON      | 1325 Fukuyama Street                   | Tieli                      |
|          21 | MICHELLE    | CLARK        | 262 A Corua (La Corua) Parkway         | Tangail                    |
|         525 | ADRIAN      | CLARY        | 1986 Sivas Place                       | Udine                      |
|         440 | BERNARD     | COLBY        | 495 Bhimavaram Lane                    | Dhule (Dhulia)             |
|         108 | TRACY       | COLE         | 1002 Ahmadnagar Manor                  | Huixquilucan               |
|          82 | KATHRYN     | COLEMAN      | 927 Baha Blanca Parkway                | Simferopol                 |
|         459 | TOMMY       | COLLAZO      | 76 Kermanshah Manor                    | Qomsheh                    |
|          50 | DIANE       | COLLINS      | 115 Hidalgo Parkway                    | Omdurman                   |
|          56 | GLORIA      | COOK         | 1668 Saint Louis Place                 | Papeete                    |
|          62 | JOAN        | COOPER       | 1717 Guadalajara Lane                  | Saint Louis                |
|         548 | ALLAN       | CORNISH      | 947 Trshavn Place                      | Tarlac                     |
|         502 | BRETT       | CORNWELL     | 1197 Sokoto Boulevard                  | Siliguri (Shiliguri)       |
|         379 | CARLOS      | COUGHLIN     | 97 Mogiljov Lane                       | Bhavnagar                  |
|          64 | JUDITH      | COX          | 1966 Amroha Avenue                     | Daxian                     |
|         324 | GARY        | COY          | 867 Benin City Avenue                  | Yuzhou                     |
|         288 | BOBBIE      | CRAIG        | 86 Higashiosaka Lane                   | Valle de Santiago          |
|         132 | ESTHER      | CRAWFORD     | 898 Belm Manor                         | Botshabelo                 |
|         482 | MAURICE     | CRAWLEY      | 1785 So Bernardo do Campo Street       | Coatzacoalcos              |
|         570 | IVAN        | CROMWELL     | 1351 Sousse Lane                       | Monclova                   |
|         352 | ALBERT      | CROUSE       | 1641 Changhwa Place                    | Bamenda                    |
|         118 | KIM         | CRUZ         | 333 Goinia Way                         | Grand Prairie              |
|         446 | THEODORE    | CULP         | 1704 Tambaram Manor                    | Uluberia                   |
|         378 | EUGENE      | CULPEPPER    | 686 Donostia-San Sebastin Lane         | Shenzhen                   |
|         180 | STACY       | CUNNINGHAM   | 1410 Benin City Parkway                | Pereira                    |
|         316 | STEVEN      | CURLEY       | 651 Pathankot Loop                     | Miraj                      |
|         411 | NORMAN      | CURRIER      | 1445 Carmen Parkway                    | Cianjur                    |
|         270 | LEAH        | CURTIS       | 906 Goinia Way                         | Kalisz                     |
|         150 | DANIELLE    | DANIELS      | 781 Shimonoseki Drive                  | Hidalgo                    |
|         262 | PATSY       | DAVIDSON     | 816 Cayenne Parkway                    | Portoviejo                 |
|           6 | JENNIFER    | DAVIS        | 1795 Santiago de Compostela Way        | Laredo                     |
|         245 | COURTNEY    | DAY          | 300 Junan Street                       | Uijongbu                   |
|         236 | MARCIA      | DEAN         | 1479 Rustenburg Boulevard              | Tanza                      |
|         467 | ALVIN       | DELOACH      | 1447 Chatsworth Place                  | Cuauhtémoc                 |
|         519 | RON         | DELUCA       | 1949 Sanya Street                      | Isesaki                    |
|         598 | WADE        | DELVALLE     | 1331 Usak Boulevard                    | Lausanne                   |
|         481 | HERMAN      | DEVORE       | 64 Korla Street                        | Mwanza                     |
|          99 | EMILY       | DIAZ         | 588 Vila Velha Manor                   | Kimchon                    |
|         139 | AMBER       | DIXON        | 1029 Dzerzinsk Manor                   | Touliu                     |
|         257 | MARSHA      | DOUGLAS      | 771 Yaound Manor                       | Beira                      |
|         392 | SEAN        | DOUGLASS     | 614 Pak Kret Street                    | Addis Abeba                |
|         458 | LLOYD       | DOWD         | 935 Aden Boulevard                     | Tegal                      |
|         597 | FREDDIE     | DUGGAN       | 1103 Quilmes Boulevard                 | Sullana                    |
|         177 | SAMANTHA    | DUNCAN       | 146 Johannesburg Way                   | Matamoros                  |
|         160 | ERIN        | DUNN         | 1623 Baha Blanca Manor                 | Ljubertsy                  |
|         418 | JEFF        | EAST         | 437 Chungho Drive                      | San Felipe de Puerto Plata |
|         510 | BEN         | EASTER       | 886 Tonghae Place                      | Kamyšin                    |
|         466 | LEO         | EBERT        | 1322 Mosul Parkway                     | Dongying                   |
|          49 | JOYCE       | EDWARDS      | 725 Isesaki Place                      | Jedda                      |
|         558 | JIMMIE      | EGGLESTON    | 505 Madiun Boulevard                   | Wroclaw                    |
|         422 | MELVIN      | ELLINGTON    | 1557 Cape Coral Parkway                | Laohekou                   |
|         193 | KATIE       | ELLIOTT      | 447 Surakarta Loop                     | Kisumu                     |
|         114 | GRACE       | ELLIS        | 442 Rae Bareli Place                   | Duisburg                   |
|         535 | JAVIER      | ELROD        | 195 Ilorin Street                      | NDjamna                    |
|         524 | JARED       | ELY          | 1003 Qinhuangdao Street                | Purwakarta                 |
|         547 | KURT        | EMMONS       | 1421 Quilmes Lane                      | Kanazawa                   |
|         417 | TRAVIS      | ESTEP        | 289 Santo Andr Manor                   | al-Qatif                   |
|          48 | ANN         | EVANS        | 909 Garland Manor                      | Niznekamsk                 |
|         300 | JOHN        | FARNSWORTH   | 41 El Alto Parkway                     | Parbhani                   |
|         439 | ALEXANDER   | FENNELL      | 231 Kaliningrad Place                  | Bergamo                    |
|         156 | BERTHA      | FERGUSON     | 1367 Yantai Manor                      | Ondo                       |
|         223 | MELINDA     | FERNANDEZ    | 1820 Maring Parkway                    | Mandi Bahauddin            |
|         201 | VICKI       | FIELDS       | 68 Molodetno Manor                     | Witten                     |
|         113 | CINDY       | FISHER       | 1079 Tel Aviv-Jaffa Boulevard          | Cumaná                     |
|         258 | MYRTLE      | FLEMING      | 532 Toulon Street                      | Santiago de los Caballeros |
|         293 | MAE         | FLETCHER     | 44 Najafabad Way                       | Donostia-San Sebastián     |
|          89 | JULIA       | FLORES       | 1926 El Alto Avenue                    | La Plata                   |
|         102 | CRYSTAL     | FORD         | 659 Vaduz Drive                        | Ashdod                     |
|         445 | MICHEAL     | FORMAN       | 203 Tambaram Street                    | Escobar                    |
|         596 | ENRIQUE     | FORSYTHE     | 1101 Bucuresti Boulevard               | Patras                     |
|         509 | RAUL        | FORTIER      | 1747 Rustenburg Place                  | Chapra                     |
|         377 | HOWARD      | FORTNER      | 220 Hidalgo Drive                      | Kermanshah                 |
|          93 | PHYLLIS     | FOSTER       | 832 Nakhon Sawan Manor                 | Zalantun                   |
|         351 | JACK        | FOUST        | 1378 Beira Loop                        | Zeleznogorsk               |
|         250 | JO          | FOWLER       | 786 Stara Zagora Way                   | Oyo                        |
|         186 | HOLLY       | FOX          | 435 0 Way                              | Haldia                     |
|         350 | JUAN        | FRALEY       | 469 Nakhon Sawan Street                | Tšeboksary                 |
|         431 | JOEL        | FRANCISCO    | 287 Cuautla Boulevard                  | Sucre                      |
|         199 | BETH        | FRANKLIN     | 1149 A Corua (La Corua) Boulevard      | Haiphong                   |
|         242 | GLENDA      | FRAZIER      | 1246 Boksburg Parkway                  | Qinhuangdao                |
|         123 | SHANNON     | FREEMAN      | 117 Boa Vista Way                      | Varanasi (Benares)         |
|         234 | CLAUDIA     | FULLER       | 346 Skikda Parkway                     | Jalib al-Shuyukh           |
|         356 | GERALD      | FULTZ        | 45 Aparecida de Goinia Place           | Satna                      |
|         557 | FELIX       | GAFFNEY      | 1059 Yuncheng Avenue                   | Vilnius                    |
|         376 | RANDY       | GAITHER      | 1618 Olomouc Manor                     | Kurgan                     |
|         391 | CLARENCE    | GAMEZ        | 767 Pyongyang Drive                    | Izumisano                  |
|         465 | FLOYD       | GANDY        | 1088 Ibirit Place                      | Zapopan                    |
|         299 | JAMES       | GANNON       | 1635 Kuwana Boulevard                  | Hiroshima                  |
|          18 | CAROL       | GARCIA       | 320 Brest Avenue                       | Kaduna                     |
|         569 | DAVE        | GARDINER     | 1052 Pathankot Avenue                  | Leshan                     |
|         164 | JOANN       | GARDNER      | 842 Salzburg Lane                      | Tarsus                     |
|         238 | NELLIE      | GARRETT      | 1964 Gijn Manor                        | Shimoga                    |
|         224 | PEARL       | GARZA        | 60 Poos de Caldas Street               | Jodhpur                    |
|         457 | BILL        | GAVIN        | 1485 Bratislava Place                  | Rockford                   |
|         501 | RUBEN       | GEARY        | 414 Mandaluyong Street                 | Lublin                     |
|         230 | JOY         | GEORGE       | 1256 Bislig Boulevard                  | Botosani                   |
|         116 | VICTORIA    | GIBSON       | 544 Malm Parkway                       | Pemalang                   |
|         237 | TANYA       | GILBERT      | 647 A Corua (La Corua) Street          | Naju                       |
|         474 | DUSTIN      | GILLETTE     | 1854 Okara Boulevard                   | Emmen                      |
|         349 | JOE         | GILLILAND    | 953 Hodeida Street                     | Imus                       |
|         338 | DENNIS      | GILMAN       | 1443 Mardan Street                     | Paarl                      |
|         121 | JOSEPHINE   | GOMEZ        | 211 Chiayi Drive                       | Etawah                     |
|          94 | NORMA       | GONZALES     | 152 Kitwe Parkway                      | Bislig                     |
|          38 | MARTHA      | GONZALEZ     | 269 Cam Ranh Parkway                   | Chisinau                   |
|         367 | ADAM        | GOOCH        | 230 Urawa Drive                        | Adoni                      |
|         315 | KENNETH     | GOODEN       | 1542 Lubumbashi Boulevard              | Bat Yam                    |
|         143 | LESLIE      | GORDON       | 374 Bat Yam Boulevard                  | Kilis                      |
|         343 | DOUGLAS     | GRAF         | 785 Vaduz Street                       | Mexicali                   |
|         104 | RITA        | GRAHAM       | 1386 Yangor Avenue                     | Toulon                     |
|         154 | MICHELE     | GRANT        | 798 Cianjur Avenue                     | Yuncheng                   |
|         276 | BRANDY      | GRAVES       | 1944 Bamenda Way                       | Warren                     |
|          69 | JUDY        | GRAY         | 1031 Daugavpils Parkway                | Béchar                     |
|         309 | CHRISTOPHER | GRECO        | 1224 Huejutla de Reyes Boulevard       | Brescia                    |
|          35 | VIRGINIA    | GREEN        | 391 Callao Drive                       | Toulouse                   |
|         191 | JEANETTE    | GREENE       | 1077 San Felipe de Puerto Plata Place  | Novotšerkassk              |
|         284 | SONIA       | GREGORY      | 1279 Udine Parkway                     | Benin City                 |
|         454 | ALEX        | GRESHAM      | 251 Florencia Drive                    | Uruapan                    |
|         580 | ROSS        | GREY         | 951 Springs Lane                       | Iligan                     |
|          98 | LILLIAN     | GRIFFIN      | 669 Firozabad Loop                     | al-Ayn                     |
|         308 | THOMAS      | GRIGSBY      | 1191 Sungai Petani Boulevard           | Kansas City                |
|         355 | TERRY       | GRISSOM      | 619 Hunuco Avenue                      | Matsue                     |
|         556 | ARMANDO     | GRUBER       | 869 Shikarpur Way                      | Southport                  |
|         523 | HARVEY      | GUAJARDO     | 600 Purnea (Purnia) Avenue             | Vinh                       |
|         529 | ERIK        | GUILLEN      | 635 Brest Manor                        | Bhimavaram                 |
|         595 | TERRENCE    | GUNDERSON    | 844 Bucuresti Place                    | Jinzhou                    |
|         202 | CARLA       | GUTIERREZ    | 642 Nador Drive                        | Bhusawal                   |
|         296 | RAMONA      | HALE         | 951 Stara Zagora Manor                 | Patiala                    |
|          26 | JESSICA     | HALL         | 18 Duisburg Boulevard                  | Città del Vaticano         |
|         103 | GLADYS      | HAMILTON     | 1177 Jelets Way                        | Ilorin                     |
|         590 | SETH        | HANNON       | 1759 Niznekamsk Avenue                 | al-Manama                  |
|         222 | DELORES     | HANSEN       | 810 Palghat (Palakkad) Boulevard       | Jaroslavl                  |
|         244 | VIOLA       | HANSON       | 582 Papeete Loop                       | Lapu-Lapu                  |
|         518 | GABRIEL     | HARDER       | 680 A Corua (La Corua) Manor           | Sivas                      |
|         400 | BRYAN       | HARDISON     | 530 Lausanne Lane                      | Dallas                     |
|         493 | BRENT       | HARKINS      | 319 Plock Parkway                      | Sultanbeyli                |
|         185 | ROBERTA     | HARPER       | 927 Barcelona Street                   | Shahr-e Kord               |
|          15 | HELEN       | HARRIS       | 419 Iligan Lane                        | Bhopal                     |
|         115 | WENDY       | HARRISON     | 1107 Nakhon Sawan Avenue               | Nezahualcóyotl             |
|         179 | DANA        | HART         | 1089 Iwatsuki Avenue                   | Kirovo-Tšepetsk            |
|         225 | ARLENE      | HARVEY       | 1014 Loja Manor                        | Ambattur                   |
|         480 | COREY       | HAUSER       | 984 Novoterkassk Loop                  | Gaziantep                  |
|         522 | ARNOLD      | HAVENS       | 1176 Southend-on-Sea Manor             | Santa Rosa                 |
|         159 | JILL        | HAWKINS      | 1440 Compton Place                     | Linz                       |
|         421 | LEE         | HAWKS        | 1661 Abha Drive                        | Pudukkottai                |
|         100 | ROBIN       | HAYES        | 1913 Kamakura Place                    | Jelets                     |
|         390 | SHAWN       | HEATON       | 1337 Mit Ghamr Avenue                  | Nakhon Sawan               |
|          81 | ANDREA      | HENDERSON    | 320 Baiyin Parkway                     | Mahajanga                  |
|         568 | ALBERTO     | HENNING      | 502 Mandi Bahauddin Parkway            | Barcelona                  |
|         133 | PAULINE     | HENRY        | 261 Saint Louis Way                    | Torreón                    |
|          29 | ANGELA      | HERNANDEZ    | 786 Aurora Avenue                      | Shimonoseki                |
|         266 | NORA        | HERRERA      | 1587 Loja Manor                        | Salzburg                   |
|         589 | TRACY       | HERRMANN     | 1074 Sanaa Parkway                     | Loja                       |
|         528 | CLAUDE      | HERZOG       | 486 Ondo Parkway                       | Benguela                   |
|         594 | EDUARDO     | HIATT        | 1837 Kaduna Parkway                    | Jining                     |
|         131 | MONICA      | HICKS        | 1752 So Leopoldo Parkway               | Mukatševe                  |
|         444 | MARCUS      | HIDALGO      | 1289 Belm Boulevard                    | Tartu                      |
|          33 | ANNA        | HILL         | 127 Purnea (Purnia) Manor              | Alessandria                |
|         479 | ZACHARY     | HITE         | 98 Pyongyang Boulevard                 | Akron                      |
|         252 | MATTIE      | HOFFMAN      | 1497 Yuzhou Drive                      | London                     |
|         256 | MABEL       | HOLLAND      | 51 Laredo Avenue                       | Monywa                     |
|         385 | PHILLIP     | HOLM         | 102 Chapra Drive                       | Tama                       |
|         145 | LUCILLE     | HOLMES       | 999 Sanaa Loop                         | Soshanguve                 |
|         291 | TONI        | HOLT         | 1936 Cuman Avenue                      | Roanoke                    |
|         263 | HILDA       | HOPKINS      | 1831 Nam Dinh Loop                     | Mandaluyong                |
|         278 | BILLIE      | HORTON       | 457 Tongliao Loop                      | Inegöl                     |
|         430 | RAY         | HOULE        | 740 Udaipur Lane                       | Dzerzinsk                  |
|          65 | ROSE        | HOWARD       | 698 Otsu Street                        | Cayenne                    |
|         219 | WILLIE      | HOWELL       | 1244 Allappuzha (Alleppey) Place       | Vicente López              |
|         508 | MILTON      | HOWLAND      | 758 Korolev Parkway                    | Vijayawada                 |
|         162 | LAUREN      | HUDSON       | 1740 Le Mans Loop                      | Le Mans                    |
|         366 | BRANDON     | HUEY         | 1912 Emeishan Drive                    | Balikesir                  |
|          88 | BONNIE      | HUGHES       | 1942 Ciparay Parkway                   | Cheju                      |
|         148 | ELEANOR     | HUNT         | 1952 Pune Lane                         | Saint-Denis                |
|         130 | CHARLOTTE   | HUNTER       | 758 Junan Lane                         | Águas Lindas de Goiás      |
|         374 | JEREMY      | HURTADO      | 1133 Rizhao Avenue                     | Vitória de Santo Antão     |
|         410 | CURTIS      | IRBY         | 432 Garden Grove Street                | Richmond Hill              |
|         429 | FREDERICK   | ISBELL       | 1404 Taguig Drive                      | Tsuyama                    |
|         399 | DANNY       | ISOM         | 734 Bchar Place                        | Okara                      |
|          13 | KAREN       | JACKSON      | 270 Amroha Parkway                     | Osmaniye                   |
|         231 | GEORGIA     | JACOBS       | 954 Kimchon Place                      | Uttarpara-Kotrung          |
|          71 | KATHY       | JAMES        | 492 Cam Ranh Street                    | Baybay                     |
|          83 | LOUISE      | JENKINS      | 929 Tallahassee Loop                   | Springs                    |
|         274 | NAOMI       | JENNINGS     | 1884 Shikarpur Avenue                  | Karnal                     |
|         259 | LENA        | JENSEN       | 1027 Banjul Place                      | Halisahar                  |
|         277 | OLGA        | JIMENEZ      | 556 Baybay Manor                       | Ogbomosho                  |
|           2 | PATRICIA    | JOHNSON      | 1121 Loja Avenue                       | San Bernardino             |
|         214 | KRISTIN     | JOHNSTON     | 226 Brest Manor                        | Sunnyvale                  |
|           4 | BARBARA     | JONES        | 1566 Inegl Manor                       | Myingyan                   |
|         110 | TIFFANY     | JORDAN       | 804 Elista Drive                       | Enshi                      |
|         337 | JERRY       | JORDON       | 124 al-Manama Way                      | Onomichi                   |
|         307 | JOSEPH      | JOY          | 1354 Siegen Street                     | Angra dos Reis             |
|         534 | CHRISTIAN   | JUNG         | 949 Allende Lane                       | Amroha                     |
|         389 | ALAN        | KAHN         | 753 Ilorin Avenue                      | Emeishan                   |
|         198 | ELSIE       | KELLEY       | 955 Bamenda Way                        | Ikerre                     |
|          74 | DENISE      | KELLY        | 1206 Dos Quebradas Place               | Rio Claro                  |
|         137 | RHONDA      | KENNEDY      | 1749 Daxian Place                      | Apeldoorn                  |
|         464 | JEROME      | KENYON       | 1872 Toulon Loop                       | Rancagua                   |
|         233 | LILLIE      | KIM          | 1736 Cavite Place                      | Idfu                       |
|         500 | REGINALD    | KINDER       | 519 Brescia Parkway                    | Madiun                     |
|          30 | MELISSA     | KING         | 1668 Anpolis Street                    | Lungtan                    |
|         155 | GAIL        | KNIGHT       | 185 Novi Sad Place                     | Bern                       |
|         546 | KELLY       | KNOTT        | 390 Wroclaw Way                        | Sanya                      |
|         306 | CHARLES     | KOWALSKI     | 715 So Bernardo do Campo Lane          | Sungai Petani              |
|         492 | LESTER      | KRAUS        | 1013 Tabuk Boulevard                   | Kanchrapara                |
|         428 | HERBERT     | KRUGER       | 1823 Hoshiarpur Lane                   | Syktyvkar                  |
|         292 | MISTY       | LAMBERT      | 1192 Tongliao Street                   | Sharja                     |
|         420 | JACOB       | LANCE        | 1866 al-Qatif Avenue                   | El Monte                   |
|         182 | RENEE       | LANE         | 533 al-Ayn Boulevard                   | Compton                    |
|         241 | HEIDI       | LARSON       | 1103 Bilbays Parkway                   | Xi´angfan                  |
|         579 | DARYL       | LARUE        | 1208 Tama Loop                         | Mosul                      |
|         192 | LAURIE      | LAWRENCE     | 9 San Miguel de Tucumn Manor           | Firozabad                  |
|         200 | JEANNE      | LAWSON       | 387 Mwene-Ditu Drive                   | Ashgabat                   |
|         361 | LAWRENCE    | LAWTON       | 114 Jalib al-Shuyukh Manor             | Yaoundé                    |
|          24 | KIMBERLY    | LEE          | 96 Tafuna Way                          | Córdoba                    |
|         373 | LOUIS       | LEONE        | 1191 Tandil Drive                      | Tanauan                    |
|          23 | SARAH       | LEWIS        | 1780 Hino Boulevard                    | Liepaja                    |
|         314 | GEORGE      | LINTON       | 1957 Yantai Lane                       | Sorocaba                   |
|         226 | MAUREEN     | LITTLE       | 201 Effon-Alaiye Way                   | Asunción                   |
|         555 | DWIGHT      | LOMBARDI     | 1497 Fengshan Drive                    | Chatsworth                 |
|          86 | JACQUELINE  | LONG         | 870 Ashqelon Loop                      | Songkhla                   |
|          32 | AMY         | LOPEZ        | 176 Mandaluyong Place                  | Jhansi                     |
|         438 | BARRY       | LOVELACE     | 1836 Korla Parkway                     | Kitwe                      |
|         273 | PRISCILLA   | LOWE         | 144 South Hill Loop                    | Salamanca                  |
|         286 | VELMA       | LUCAS        | 1155 Liaocheng Place                   | Effon-Alaiye               |
|         578 | WILLARD     | LUMPKIN      | 1819 Alessandria Loop                  | Carmen                     |
|         478 | LEWIS       | LYMAN        | 632 Usolje-Sibirskoje Parkway          | Ashqelon                   |
|         235 | JACKIE      | LYNCH        | 98 Stara Zagora Boulevard              | Buenaventura               |
|         372 | STEVE       | MACKENZIE    | 154 Oshawa Manor                       | Probolinggo                |
|         360 | RALPH       | MADRIGAL     | 1009 Zanzibar Lane                     | Arecibo                    |
|         323 | MATTHEW     | MAHAN        | 479 San Felipe del Progreso Avenue     | Cuautla                    |
|         313 | DONALD      | MAHON        | 1774 Yaound Place                      | Ezhou                      |
|         577 | CLIFTON     | MALCOLM      | 1489 Kakamigahara Lane                 | Tanshui                    |
|         336 | JOSHUA      | MARK         | 1920 Weifang Avenue                    | Rampur                     |
|         359 | WILLIE      | MARKHAM      | 1623 Kingstown Drive                   | Almirante Brown            |
|         358 | SAMUEL      | MARLOW       | 604 Bern Place                         | Ranchi                     |
|         119 | SHERRY      | MARSHALL     | 1987 Coacalco de Berriozbal Loop       | Shubra al-Khayma           |
|         453 | CALVIN      | MARTEL       | 138 Caracas Boulevard                  | Maracaíbo                  |
|          16 | SANDRA      | MARTIN       | 360 Toulouse Parkway                   | Southend-on-Sea            |
|          19 | RUTH        | MARTINEZ     | 1417 Lancaster Avenue                  | Kimberley                  |
|         342 | HAROLD      | MARTINO      | 1293 Nam Dinh Way                      | Boa Vista                  |
|         135 | JUANITA     | MASON        | 943 Johannesburg Avenue                | Pune                       |
|         169 | ERICA       | MATTHEWS     | 1294 Firozabad Drive                   | Pingxiang                  |
|         491 | RICK        | MATTOX       | 775 ostka Drive                        | Mit Ghamr                  |
|         335 | GREGORY     | MAULDIN      | 507 Smolensk Loop                      | Sousse                     |
|         264 | GWENDOLYN   | MAY          | 446 Kirovo-Tepetsk Lane                | Higashiosaka               |
|         567 | ALFREDO     | MCADAMS      | 1407 Surakarta Manor                   | Serpuhov                   |
|         593 | RENE        | MCALISTER    | 1895 Zhezqazghan Drive                 | Garden Grove               |
|         576 | MORRIS      | MCCARTER     | 1568 Celaya Parkway                    | Fengshan                   |
|         427 | JESUS       | MCCARTNEY    | 259 Ipoh Drive                         | Guarujá                    |
|         218 | VERA        | MCCOY        | 1168 Najafabad Parkway                 | Kabul                      |
|         305 | RICHARD     | MCCRARY      | 913 Coacalco de Berriozbal Loop        | Arlington                  |
|         517 | BRAD        | MCCURDY      | 608 Birgunj Parkway                    | Chungho                    |
|         117 | EDITH       | MCDONALD     | 1967 Sincelejo Place                   | Gandhinagar                |
|         490 | SAM         | MCDUFFIE     | 656 Matamoros Drive                    | Sogamoso                   |
|         285 | MIRIAM      | MCKINNEY     | 1336 Benin City Drive                  | Otsu                       |
|         334 | RAYMOND     | MCWHORTER    | 503 Sogamoso Loop                      | Sumqayit                   |
|         489 | RICARDO     | MEADOR       | 591 Sungai Petani Drive                | Okayama                    |
|         249 | DORA        | MEDINA       | 1760 Oshawa Manor                      | Tianjin                    |
|         527 | CORY        | MEEHAN       | 556 Asuncin Way                        | Mogiljov                   |
|         398 | ANTONIO     | MEEK         | 1190 0 Place                           | Bagé                       |
|         566 | CASEY       | MENA         | 539 Hami Way                           | Tokat                      |
|         341 | PETER       | MENARD       | 1217 Konotop Avenue                    | Ede                        |
|         246 | MARIAN      | MENDOZA      | 829 Grand Prairie Way                  | Maringá                    |
|         216 | NATALIE     | MEYER        | 1201 Qomsheh Manor                     | Aparecida de Goiânia       |
|         533 | JESSIE      | MILAM        | 1332 Gaziantep Lane                    | Binzhou                    |
|         287 | BECKY       | MILES        | 1993 Tabuk Lane                        | Tambaram                   |
|         488 | SHANE       | MILLARD      | 184 Mandaluyong Street                 | La Paz                     |
|           7 | MARIA       | MILLER       | 900 Santiago de Compostela Parkway     | Kragujevac                 |
|         152 | ALICIA      | MILLS        | 1963 Moscow Place                      | Nagaon                     |
|         452 | TOM         | MILNER       | 535 Ahmadnagar Manor                   | Abu Dhabi                  |
|          41 | STEPHANIE   | MITCHELL     | 42 Brindisi Place                      | Yerevan                    |
|         409 | RODNEY      | MOELLER      | 1936 Lapu-Lapu Parkway                 | Deba Habe                  |
|         211 | STACEY      | MONTGOMERY   | 1333 Haldia Street                     | Fuyu                       |
|           9 | MARGARET    | MOORE        | 613 Korolev Drive                      | Masqat                     |
|         136 | ANITA       | MORALES      | 788 Atinsk Street                      | Hubli-Dharwad              |
|         247 | STELLA      | MORENO       | 1473 Changhwa Parkway                  | Coacalco de Berriozábal    |
|          57 | EVELYN      | MORGAN       | 943 Tokat Street                       | Vaduz                      |
|         388 | CRAIG       | MORRELL      | 717 Changzhou Lane                     | Cavite                     |
|          53 | HEATHER     | MORRIS       | 17 Kabul Boulevard                     | Nagareyama                 |
|         221 | BESSIE      | MORRISON     | 1926 Gingoog Street                    | Syrakusa                   |
|         322 | JASON       | MORRISSEY    | 1427 A Corua (La Corua) Place          | Bahía Blanca               |
|         426 | BRADLEY     | MOTLEY       | 1596 Acua Parkway                      | Purnea (Purnia)            |
|          59 | CHERYL      | MURPHY       | 1213 Ranchi Parkway                    | Mysore                     |
|         122 | THELMA      | MURRAY       | 1175 Tanauan Way                       | Lima                       |
|         408 | MANUEL      | MURRELL      | 692 Amroha Drive                       | Jaffna                     |
|         101 | PEGGY       | MYERS        | 733 Mandaluyong Place                  | Abha                       |
|         271 | PENNY       | NEAL         | 1675 Xi´angfan Manor                   | Kumbakonam                 |
|          39 | DEBRA       | NELSON       | 306 Antofagasta Place                  | Vila Velha                 |
|         565 | JAIME       | NETTLES      | 1746 Faaa Way                          | Huánuco                    |
|         437 | RANDALL     | NEUMANN      | 1245 Ibirit Way                        | La Romana                  |
|         340 | PATRICK     | NEWSOM       | 68 Ponce Parkway                       | Hanoi                      |
|         354 | JUSTIN      | NGO          | 519 Nyeri Manor                        | Santo André                |
|         229 | TAMARA      | NGUYEN       | 356 Olomouc Manor                      | Anápolis                   |
|         153 | SUZANNE     | NICHOLS      | 456 Escobar Way                        | Jakarta                    |
|         516 | ELMER       | NOE          | 1768 Udine Loop                        | Battambang                 |
|         545 | JULIO       | NOLAND       | 182 Nuku´alofa Drive                   | Konotop                    |
|         544 | CODY        | NOLEN        | 1715 Okayama Street                    | São Bernardo do Campo      |
|         281 | LEONA       | OBRIEN       | 1308 Sumy Loop                         | Fuzhou                     |
|         588 | MARION      | OCAMPO       | 1464 Kursk Parkway                     | Weifang                    |
|         575 | ISAAC       | OGLESBY      | 186 Skikda Lane                        | Cuernavaca                 |
|         473 | JORGE       | OLIVARES     | 1078 Stara Zagora Drive                | Lhokseumawe                |
|         210 | ELLA        | OLIVER       | 751 Lima Loop                          | Aden                       |
|         175 | ANNETTE     | OLSON        | 431 Xi´angtan Avenue                   | Allappuzha (Alleppey)      |
|         554 | DWAYNE      | OLVERA       | 1447 Imus Place                        | Rajkot                     |
|         120 | SYLVIA      | ORTIZ        | 241 Mosul Lane                         | Dos Quebradas              |
|         499 | MARC        | OUTLAW       | 1 Valle de Santiago Avenue             | Brindisi                   |
|         111 | CARMEN      | OWENS        | 1378 Alvorada Avenue                   | Caracas                    |
|         477 | DAN         | PAINE        | 808 Naala-Porto Parkway                | Stockport                  |
|         151 | MEGAN       | PALMER       | 1560 Jelets Boulevard                  | Laiwu                      |
|          47 | FRANCES     | PARKER       | 686 Garland Manor                      | Juazeiro do Norte          |
|          87 | WANDA       | PATTERSON    | 1740 Portoviejo Avenue                 | Sincelejo                  |
|         166 | LYNN        | PAYNE        | 710 San Felipe del Progreso Avenue     | Lilongwe                   |
|         255 | IRMA        | PEARSON      | 127 Iwakuni Boulevard                  | Hagonoy                    |
|         543 | LANCE       | PEMBERTON    | 454 Qinhuangdao Drive                  | Beni-Mellal                |
|         298 | ERIKA       | PENA         | 898 Jining Lane                        | Oulu                       |
|          42 | CAROLYN     | PEREZ        | 1632 Bislig Avenue                     | Pak Kret                   |
|         161 | GERALDINE   | PERKINS      | 97 Shimoga Avenue                      | Tel Aviv-Jaffa             |
|          84 | SARA        | PERRY        | 125 Citt del Vaticano Boulevard        | Atlixco                    |
|         339 | WALTER      | PERRYMAN     | 1909 Benguela Lane                     | Xinxiang                   |
|         197 | SUE         | PETERS       | 817 Bradford Loop                      | Changzhou                  |
|          68 | NICOLE      | PETERSON     | 57 Arlington Manor                     | Shivapuri                  |
|         564 | BOB         | PFEIFFER     | 415 Pune Avenue                        | Xintai                     |
|          45 | JANET       | PHILLIPS     | 1718 Valencia Street                   | Antofagasta                |
|         167 | SALLY       | PIERCE       | 1540 Wroclaw Drive                     | Chandrapur                 |
|         416 | JEFFERY     | PINSON       | 966 Arecibo Loop                       | Dadu                       |
|         553 | MAX         | PITT         | 1917 Kumbakonam Parkway                | Novi Sad                   |
|         487 | HECTOR      | POINDEXTER   | 185 Mannheim Lane                      | Pjatigorsk                 |
|         129 | CARRIE      | PORTER       | 1854 Tieli Street                      | Liaocheng                  |
|         371 | BILLY       | POULIN       | 1061 Ede Avenue                        | Cabuyao                    |
|          85 | ANNE        | POWELL       | 1557 Ktahya Boulevard                  | Bradford                   |
|         463 | DARRELL     | POWER        | 1844 Usak Avenue                       | Halifax                    |
|         563 | KEN         | PREWITT      | 1342 Abha Boulevard                    | Bucuresti                  |
|          76 | IRENE       | PRICE        | 602 Paarl Street                       | Pavlodar                   |
|         415 | GLENN       | PULLEN       | 992 Klerksdorp Loop                    | Amersfoort                 |
|         333 | ANDREW      | PURDY        | 431 Szkesfehrvr Avenue                 | Baku                       |
|         332 | STEPHEN     | QUALLS       | 1838 Tabriz Lane                       | Dhaka                      |
|         436 | TROY        | QUIGLEY      | 983 Santa F Way                        | Vancouver                  |
|         348 | ROGER       | QUINTANILLA  | 381 Kabul Way                          | Hsichuh                    |
|         414 | VINCENT     | RALSTON      | 397 Sunnyvale Avenue                   | Allende                    |
|          70 | CHRISTINA   | RAMIREZ      | 1124 Buenaventura Drive                | al-Hawiya                  |
|         140 | EVA         | RAMOS        | 1666 Beni-Mellal Place                 | Clarksville                |
|         515 | ANDRE       | RAPP         | 568 Dhule (Dhulia) Loop                | Coquimbo                   |
|         407 | DALE        | RATCLIFF     | 1639 Saarbrcken Drive                  | Rustenburg                 |
|         173 | AUDREY      | RAY          | 1010 Klerksdorp Way                    | Graz                       |
|         451 | JIM         | REA          | 814 Simferopol Loop                    | El Fuerte                  |
|          55 | DORIS       | REED         | 1697 Kowloon and New Kowloon Loop      | Balašiha                   |
|         232 | CONSTANCE   | REID         | 885 Yingkou Manor                      | Zaria                      |
|         532 | NEIL        | RENNER       | 1817 Livorno Way                       | Cam Ranh                   |
|         141 | DEBBIE      | REYES        | 928 Jaffna Loop                        | Fukuyama                   |
|         112 | ROSA        | REYNOLDS     | 793 Cam Ranh Avenue                    | Lancaster                  |
|         507 | EDGAR       | RHOADS       | 1269 Ipoh Avenue                       | Eskisehir                  |
|         297 | SHERRI      | RHODES       | 922 Vila Velha Loop                    | Ahmadnagar                 |
|         146 | JAMIE       | RICE         | 879 Newcastle Way                      | Sterling Heights           |
|         212 | WILMA       | RICHARDS     | 660 Jedda Boulevard                    | Bellevue                   |
|          63 | ASHLEY      | RICHARDSON   | 1214 Hanoi Way                         | Lincoln                    |
|         456 | RONNIE      | RICKETTS     | 1889 Valparai Way                      | Ziguinchor                 |
|         357 | KEITH       | RICO         | 482 Kowloon and New Kowloon Manor      | Bratislava                 |
|         187 | BRITTANY    | RILEY        | 140 Chiayi Parkway                     | Sumy                       |
|         312 | MARK        | RINEHART     | 780 Kimberley Way                      | Tabuk                      |
|          61 | KATHERINE   | RIVERA       | 915 Ponce Place                        | Basel                      |
|         450 | JAY         | ROBB         | 1947 Paarl Way                         | Surakarta                  |
|         331 | ERIC        | ROBERT       | 430 Kumbakonam Drive                   | Santa Fé                   |
|          43 | CHRISTINE   | ROBERTS      | 1447 Imus Way                          | Faaa                       |
|         147 | JOANNE      | ROBERTSON    | 1337 Lincoln Parkway                   | Urawa                      |
|         472 | GREG        | ROBINS       | 1786 Salinas Place                     | Nam Dinh                   |
|          20 | SHARON      | ROBINSON     | 1688 Okara Way                         | Mardan                     |
|          22 | LAURA       | RODRIGUEZ    | 28 Charlotte Amalie Street             | Salé                       |
|         289 | VIOLET      | RODRIQUEZ    | 1912 Allende Manor                     | Kowloon and New Kowloon    |
|          54 | TERESA      | ROGERS       | 1964 Allappuzha (Alleppey) Street      | Iwakuni                    |
|         239 | MINNIE      | ROMERO       | 47 Syktyvkar Lane                      | Ciomas                     |
|         157 | DARLENE     | ROSE         | 1386 Nakhon Sawan Boulevard            | Pyongyang                  |
|          80 | MARILYN     | ROSS         | 1888 Kabul Drive                       | Ife                        |
|         592 | TERRANCE    | ROUSH        | 42 Fontana Avenue                      | Székesfehérvár             |
|         304 | DAVID       | ROYAL        | 827 Yuncheng Drive                     | Callao                     |
|         184 | VIVIAN      | RUIZ         | 741 Ambattur Manor                     | ´s-Hertogenbosch           |
|         406 | NATHAN      | RUNYON       | 264 Bhimavaram Manor                   | Charlotte Amalie           |
|          97 | ANNIE       | RUSSELL      | 1599 Plock Drive                       | Tete                       |
|         203 | TARA        | RYAN         | 1688 Nador Lane                        | Gorontalo                  |
|         347 | RYAN        | SALISBURY    | 1673 Tangail Drive                     | Daugavpils                 |
|         498 | GENE        | SANBORN      | 1416 San Juan Bautista Tuxtepec Avenue | Salala                     |
|          52 | JULIE       | SANCHEZ      | 939 Probolinggo Loop                   | A Coruña (La Coruña)       |
|          75 | TAMMY       | SANDERS      | 1551 Rampur Lane                       | Changhwa                   |
|         303 | WILLIAM     | SATTERFIELD  | 687 Alessandria Parkway                | Sanaa                      |
|         471 | DEAN        | SAUER        | 270 Tambaram Parkway                   | Johannesburg               |
|         353 | JONATHAN    | SCARBOROUGH  | 1698 Southport Loop                    | Pachuca de Soto            |
|         387 | JESSE       | SCHILLING    | 514 Ife Way                            | Lubumbashi                 |
|         204 | ROSEMARY    | SCHMIDT      | 1215 Pyongyang Parkway                 | Usak                       |
|         405 | LEONARD     | SCHOFIELD    | 88 Nagaon Manor                        | Tandil                     |
|         397 | JIMMY       | SCHRADER     | 616 Hagonoy Avenue                     | Atšinsk                    |
|         321 | KEVIN       | SCHULER      | 470 Boksburg Street                    | Birgunj                    |
|         320 | ANTHONY     | SCHWAB       | 1892 Nabereznyje Telny Lane            | Tafuna                     |
|         365 | BRUCE       | SCHWARZ      | 1565 Tangail Manor                     | Okinawa                    |
|          34 | REBECCA     | SCOTT        | 61 Tama Street                         | Kurashiki                  |
|         404 | STANLEY     | SCROGGINS    | 1266 Laredo Parkway                    | Omiya                      |
|         526 | KARL        | SEAL         | 1427 Tabuk Place                       | Cape Coral                 |
|         375 | AARON       | SELBY        | 1519 Santiago de los Caballeros Loop   | Mwene-Ditu                 |
|         506 | LESLIE      | SEWARD       | 1152 al-Qatif Lane                     | Pontianak                  |
|         396 | EARL        | SHANKS       | 168 Cianjur Manor                      | Iwatsuki                   |
|         144 | CLARA       | SHAW         | 1027 Songkhla Manor                    | Molodetšno                 |
|         435 | RICKY       | SHELBY       | 722 Bradford Lane                      | Junan                      |
|         330 | SCOTT       | SHELLEY      | 587 Benguela Manor                     | Aurora                     |
|         279 | DIANNE      | SHELTON      | 600 Bradford Street                    | Tabriz                     |
|         462 | WARREN      | SHERROD      | 1621 Tongliao Avenue                   | Usolje-Sibirskoje          |
|         425 | FRANCIS     | SIKES        | 355 Vitria de Santo Anto Way           | San Juan Bautista Tuxtepec |
|         254 | MAXINE      | SILVA        | 1338 Zalantun Lane                     | Poços de Caldas            |
|         302 | MICHAEL     | SILVERMAN    | 1908 Gaziantep Place                   | Tiefa                      |
|          92 | TINA        | SIMMONS      | 984 Effon-Alaiye Avenue                | Goiânia                    |
|         346 | ARTHUR      | SIMPKINS     | 1157 Nyeri Loop                        | Maikop                     |
|         126 | ELLEN       | SIMPSON      | 1666 Qomsheh Drive                     | Poá                        |
|         195 | VANESSA     | SIMS         | 1792 Valle de la Pascua Place          | Siegen                     |
|         443 | FRANCISCO   | SKIDMORE     | 614 Denizli Parkway                    | São Leopoldo               |
|         497 | GILBERT     | SLEDGE       | 1515 Korla Way                         | York                       |
|         562 | WALLACE     | SLONE        | 1342 Sharja Way                        | Sokoto                     |
|           1 | MARY        | SMITH        | 1913 Hanoi Way                         | Sasebo                     |
|         178 | MARION      | SNYDER       | 1891 Rizhao Boulevard                  | Santa Brbara dOeste        |
|         268 | NINA        | SOTO         | 1519 Ilorin Place                      | Palghat (Palakkad)         |
|         521 | ROLAND      | SOUTH        | 1993 0 Loop                            | Yingkou                    |
|         328 | JEFFREY     | SPEAR        | 1860 Taguig Loop                       | Ciparay                    |
|         163 | CATHY       | SPENCER      | 1287 Xi´angfan Boulevard               | Kakamigahara               |
|         424 | KYLE        | SPURLOCK     | 1269 Botosani Manor                    | Shanwei                    |
|         587 | SERGIO      | STANFIELD    | 1402 Zanzibar Boulevard                | Celaya                     |
|         228 | ALLISON     | STANLEY      | 754 Valencia Place                     | Phnom Penh                 |
|         586 | KIRK        | STCLAIR      | 1923 Stara Zagora Lane                 | Tsaotun                    |
|         165 | LORRAINE    | STEPHENS     | 154 Tallahassee Loop                   | Hami                       |
|         384 | ERNEST      | STEPP        | 500 Lincoln Parkway                    | Huai´an                    |
|         127 | ELAINE      | STEVENS      | 801 Hagonoy Drive                      | Smolensk                   |
|          51 | ALICE       | STEWART      | 1135 Izumisano Parkway                 | Fontana                    |
|         561 | IAN         | STILL        | 1894 Boa Vista Way                     | Garland                    |
|         158 | VERONICA    | STONE        | 369 Papeete Way                        | Greensboro                 |
|         105 | DAWN        | SULLIVAN     | 454 Nakhon Sawan Boulevard             | Funafuti                   |
|         283 | FELICIA     | SUTTON       | 226 Halifax Street                     | Korla                      |
|         585 | PERRY       | SWAFFORD     | 773 Dallas Manor                       | Quilmes                    |
|         486 | GLEN        | TALBERT      | 1789 Saint-Denis Parkway               | Acuña                      |
|         386 | TODD        | TAN          | 1793 Meixian Place                     | Kamjanets-Podilskyi        |
|          10 | DOROTHY     | TAYLOR       | 1531 Sal Drive                         | Esfahan                    |
|         584 | SALVADOR    | TEEL         | 247 Jining Parkway                     | Banjul                     |
|         265 | JENNIE      | TERRY        | 682 Halisahar Place                    | Olomouc                    |
|          12 | NANCY       | THOMAS       | 808 Bhopal Manor                       | Yamuna Nagar               |
|          17 | DONNA       | THOMPSON     | 270 Toulon Boulevard                   | Elista                     |
|         583 | MARSHALL    | THORN        | 1584 Ljubertsy Lane                    | Southampton                |
|         327 | LARRY       | THRASHER     | 663 Baha Blanca Parkway                | Adana                      |
|         542 | LONNIE      | TIRADO       | 1658 Cuman Loop                        | Pangkal Pinang             |
|         485 | CLYDE       | TOBIAS       | 1909 Dayton Avenue                     | Shaoguan                   |
|         434 | EDDIE       | TOMLIN       | 1351 Aparecida de Goinia Parkway       | Ozamis                     |
|          67 | KELLY       | TORRES       | 1586 Guaruj Place                      | Xi´angtan                  |
|         311 | PAUL        | TROUT        | 746 Joliet Lane                        | Kursk                      |
|         514 | FRANKLIN    | TROUTMAN     | 1778 Gijn Manor                        | Zaoyang                    |
|         370 | WAYNE       | TRUONG       | 1049 Matamoros Parkway                 | Gulbarga                   |
|         513 | DUANE       | TUBBS        | 962 Tama Loop                          | Yangor                     |
|         128 | MARJORIE    | TUCKER       | 1050 Garden Grove Avenue               | Jastrzebie-Zdrój           |
|          44 | MARIE       | TURNER       | 1998 Halifax Drive                     | Lipetsk                    |
|         395 | JOHNNY      | TURPIN       | 1152 Citrus Heights Manor              | al-Qadarif                 |
|         582 | ANDY        | VANHORN      | 966 Asuncin Way                        | Huejutla de Reyes          |
|         260 | CHRISTY     | VARGAS       | 1158 Mandi Bahauddin Parkway           | Datong                     |
|         364 | BENJAMIN    | VARNEY       | 817 Laredo Avenue                      | Guadalajara                |
|         206 | TERRI       | VASQUEZ      | 1304 ´s-Hertogenbosch Way              | Blumenau                   |
|         574 | JULIAN      | VEST         | 923 Tangail Boulevard                  | Akishima                   |
|         512 | CECIL       | VINES        | 548 Uruapan Street                     | London                     |
|         484 | ROBERTO     | VU           | 1297 Alvorada Parkway                  | Yinchuan                   |
|         267 | MARGIE      | WADE         | 1762 Paarl Parkway                     | Lengshuijiang              |
|         329 | FRANK       | WAGGONER     | 1816 Bydgoszcz Loop                    | Jamalpur                   |
|         171 | DOLORES     | WAGNER       | 316 Uruapan Street                     | Ipoh                       |
|         552 | HUGH        | WALDROP      | 904 Clarksville Drive                  | Haining                    |
|          25 | DEBORAH     | WALKER       | 934 San Felipe de Puerto Plata Street  | Shikarpur                  |
|         106 | CONNIE      | WALLACE      | 1867 San Juan Bautista Tuxtepec Avenue | Ivanovo                    |
|         269 | CASSANDRA   | WALTERS      | 920 Kumbakonam Loop                    | Salinas                    |
|          66 | JANICE      | WARD         | 1150 Kimchon Manor                     | Malmö                      |
|         138 | HAZEL       | WARREN       | 1587 Sullana Lane                      | Hohhot                     |
|          90 | RUBY        | WASHINGTON   | 1952 Chatsworth Drive                  | Meixian                    |
|         174 | YVONNE      | WATKINS      | 1848 Salala Boulevard                  | Ocumare del Tuy            |
|          72 | THERESA     | WATSON       | 89 Allappuzha (Alleppey) Manor         | Taguig                     |
|         294 | SHELLY      | WATTS        | 32 Pudukkottai Lane                    | Dayton                     |
|         531 | JAMIE       | WAUGH        | 958 Sagamihara Lane                    | Kuwana                     |
|         403 | MIKE        | WAY          | 990 Etawah Loop                        | Valparai                   |
|         190 | YOLANDA     | WEAVER       | 605 Rio Claro Parkway                  | Tabora                     |
|         125 | ETHEL       | WEBB         | 569 Baicheng Lane                      | Boksburg                   |
|         319 | RONALD      | WEINER       | 1145 Vilnius Manor                     | San Felipe del Progreso    |
|         240 | MARLENE     | WELCH        | 1148 Saarbrcken Parkway                | Iwaki                      |
|         124 | SHEILA      | WELLS        | 848 Tafuna Manor                       | Kütahya                    |
|         109 | EDNA        | WEST         | 682 Junan Way                          | Klerksdorp                 |
|         520 | MITCHELL    | WESTMORELAND | 617 Klerksdorp Place                   | Nha Trang                  |
|         369 | FRED        | WHEAT        | 433 Florencia Street                   | Juárez                     |
|         208 | LUCY        | WHEELER      | 624 Oshawa Boulevard                   | Balurghat                  |
|          14 | BETTY       | WHITE        | 770 Bydgoszcz Avenue                   | Citrus Heights             |
|         363 | ROY         | WHITING      | 1658 Jastrzebie-Zdrj Loop              | Nyeri                      |
|         455 | JON         | WILES        | 659 Gatineau Boulevard                 | El Alto                    |
|           3 | LINDA       | WILLIAMS     | 692 Joliet Street                      | Athenai                    |
|         213 | GINA        | WILLIAMSON   | 1001 Miyakonojo Lane                   | Taizz                      |
|         172 | BERNICE     | WILLIS       | 29 Pyongyang Loop                      | Batman                     |
|           8 | SUSAN       | WILSON       | 478 Joliet Way                         | Hamilton                   |
|         541 | DARREN      | WINDHAM      | 379 Lublin Parkway                     | Livorno                    |
|         581 | VIRGIL      | WOFFORD      | 760 Miyakonojo Drive                   | José Azueta                |
|          78 | LORI        | WOOD         | 936 Salzburg Lane                      | Rae Bareli                 |
|         107 | FLORENCE    | WOODS        | 1532 Dzerzinsk Way                     | Merlo                      |
|         496 | TYLER       | WREN         | 1060 Tandil Lane                       | Rizhao                     |
|          31 | BRENDA      | WRIGHT       | 33 Gorontalo Way                       | Kamarhati                  |
|         318 | BRIAN       | WYMAN        | 1769 Iwaki Lane                        | Bydgoszcz                  |
|         402 | LUIS        | YANEZ        | 1346 Mysore Drive                      | Brest                      |
|         413 | MARVIN      | YEE          | 126 Acua Parkway                       | Berhampore (Baharampur)    |
|          28 | CYNTHIA     | YOUNG        | 1425 Shikarpur Manor                   | Munger (Monghyr)           |
+-------------+-------------+--------------+----------------------------------------+----------------------------+
599 rows in set (0.0375 sec)
 MySQL  localhost:33060+ ssl  sakila  SQL >